Component: ARM Compiler 5.06 update 7 (build 960) Tool: armlink [4d3601]

==============================================================================

Section Cross References

    startup_lpc17xx.o(STACK) refers (Special) to heapauxi.o(.text) for __use_two_region_memory
    startup_lpc17xx.o(HEAP) refers (Special) to heapauxi.o(.text) for __use_two_region_memory
    startup_lpc17xx.o(RESET) refers (Special) to heapauxi.o(.text) for __use_two_region_memory
    startup_lpc17xx.o(RESET) refers to startup_lpc17xx.o(STACK) for __initial_sp
    startup_lpc17xx.o(RESET) refers to startup_lpc17xx.o(.text) for Reset_Handler
    startup_lpc17xx.o(RESET) refers to irq_timer.o(.text) for TIMER0_IRQHandler
    startup_lpc17xx.o(RESET) refers to irq_adc.o(.text) for ADC_IRQHandler
    startup_lpc17xx.o(RESET) refers to irq_rit.o(.text) for RIT_IRQHandler
    startup_lpc17xx.o(.ARM.__at_0x02FC) refers (Special) to heapauxi.o(.text) for __use_two_region_memory
    startup_lpc17xx.o(.text) refers (Special) to heapauxi.o(.text) for __use_two_region_memory
    startup_lpc17xx.o(.text) refers to __main.o(!!!main) for __main
    startup_lpc17xx.o(.text) refers to startup_lpc17xx.o(HEAP) for Heap_Mem
    startup_lpc17xx.o(.text) refers to startup_lpc17xx.o(STACK) for Stack_Mem
    sample.o(.text) refers to system_lpc17xx.o(.text) for SystemInit
    sample.o(.text) refers to glcd_1.o(.text) for LCD_Initialization
    sample.o(.text) refers to lib_joystick.o(.text) for joystick_init
    sample.o(.text) refers to touchpanel.o(.text) for TP_Init
    sample.o(.text) refers to lib_adc.o(.text) for ADC_init
    sample.o(.text) refers to lib_timer.o(.text) for init_timer
    sample.o(.text) refers to lib_rit.o(.text) for init_RIT
    sample.o(.text) refers to functions.o(.text) for disegnaAmbiente
    system_lpc17xx.o(.text) refers to system_lpc17xx.o(.data) for SystemFrequency
    irq_timer.o(.text) refers to lib_timer.o(.text) for disable_timer
    irq_timer.o(.text) refers to music.o(.text) for playNote
    irq_timer.o(.text) refers to functions.o(.text) for disegnaAge
    irq_timer.o(.text) refers to lib_rit.o(.text) for disable_RIT
    irq_timer.o(.text) refers to glcd_1.o(.text) for LCD_DrawRectangle
    irq_timer.o(.text) refers to touchpanel.o(.text) for Read_Ads7846
    irq_timer.o(.text) refers to irq_rit.o(.data) for flagclick
    irq_timer.o(.text) refers to irq_timer.o(.data) for cibo
    irq_timer.o(.text) refers to functions.o(.data) for secondi
    irq_timer.o(.text) refers to touchpanel.o(.bss) for matrix
    irq_timer.o(.text) refers to touchpanel.o(.data) for display
    irq_timer.o(.text) refers to irq_adc.o(.data) for volume
    asciilib_1.o(.text) refers to rt_memcpy_v6.o(.text) for __aeabi_memcpy
    asciilib_1.o(.text) refers to asciilib_1.o(.constdata) for AsciiLib
    glcd_1.o(.text) refers to glcd_1.o(.data) for LCD_Code
    glcd_1.o(.text) refers to asciilib_1.o(.text) for GetASCIICode
    hzlib_1.o(.text) refers to rt_memcpy_v6.o(.text) for __aeabi_memcpy
    hzlib_1.o(.text) refers to hzlib_1.o(.constdata) for HzLib
    irq_rit.o(.text) refers to lib_adc.o(.text) for ADC_start_conversion
    irq_rit.o(.text) refers to glcd_1.o(.text) for LCD_DrawLine
    irq_rit.o(.text) refers to lib_rit.o(.text) for disable_RIT
    irq_rit.o(.text) refers to lib_timer.o(.text) for disable_timer
    irq_rit.o(.text) refers to music.o(.text) for playNote
    irq_rit.o(.text) refers to functions.o(.text) for disegnaMeal
    irq_rit.o(.text) refers to irq_rit.o(.data) for flagReset
    irq_rit.o(.text) refers to irq_timer.o(.data) for click
    irq_rit.o(.text) refers to functions.o(.data) for mealBattery
    functions.o(.text) refers to _printf_pad.o(.text) for _printf_pre_padding
    functions.o(.text) refers to _printf_percent.o(.ARM.Collect$$_printf_percent$$00000000) for _printf_percent
    functions.o(.text) refers to _printf_u.o(.ARM.Collect$$_printf_percent$$0000000A) for _printf_u
    functions.o(.text) refers to _printf_dec.o(.text) for _printf_int_dec
    functions.o(.text) refers to glcd_1.o(.text) for LCD_DrawLine
    functions.o(.text) refers to noretval__2sprintf.o(.text) for __2sprintf
    functions.o(.text) refers to rt_memcpy_w.o(.text) for __aeabi_memcpy4
    functions.o(.text) refers to functions.o(.data) for secondi
    functions.o(.text) refers to functions.o(.constdata) for .constdata
    functions.o(.text) refers to rt_memclr_w.o(.text) for __aeabi_memclr4
    functions.o(.text) refers to lib_timer.o(.text) for disable_timer
    functions.o(.text) refers to irq_rit.o(.data) for staMangiando
    touchpanel.o(.text) refers to glcd_1.o(.text) for LCD_SetPoint
    touchpanel.o(.text) refers to rt_memclr_w.o(.text) for __aeabi_memclr4
    touchpanel.o(.text) refers to dflt_clz.o(x$fpl$dflt) for __aeabi_i2d
    touchpanel.o(.text) refers to deqf.o(x$fpl$deqf) for __aeabi_cdcmpeq
    touchpanel.o(.text) refers to dflt_clz.o(x$fpl$dfltu) for __aeabi_ui2d
    touchpanel.o(.text) refers to dmul.o(x$fpl$dmul) for __aeabi_dmul
    touchpanel.o(.text) refers to daddsub_clz.o(x$fpl$dadd) for __aeabi_dadd
    touchpanel.o(.text) refers to ddiv.o(x$fpl$ddiv) for __aeabi_ddiv
    touchpanel.o(.text) refers to dfixu.o(x$fpl$dfixu) for __aeabi_d2uiz
    touchpanel.o(.text) refers to touchpanel.o(.data) for screen
    touchpanel.o(.text) refers to touchpanel.o(.bss) for ScreenSample
    music.o(.text) refers to lib_timer.o(.text) for reset_timer
    irq_adc.o(.text) refers to glcd_1.o(.text) for LCD_DrawLine
    irq_adc.o(.text) refers to irq_adc.o(.data) for AD_current
    __2sprintf.o(.text) refers to _printf_char_common.o(.text) for _printf_char_common
    __2sprintf.o(.text) refers to _sputc.o(.text) for _sputc
    noretval__2sprintf.o(.text) refers to _printf_char_common.o(.text) for _printf_char_common
    noretval__2sprintf.o(.text) refers to _sputc.o(.text) for _sputc
    __printf.o(.text) refers to _printf_percent.o(.ARM.Collect$$_printf_percent$$00000000) for _printf_percent
    _printf_dec.o(.text) refers to _printf_intcommon.o(.text) for _printf_int_common
    __printf_flags.o(.text) refers to _printf_percent.o(.ARM.Collect$$_printf_percent$$00000000) for _printf_percent
    __printf_flags.o(.text) refers to __printf_flags.o(.constdata) for .constdata
    __printf_ss.o(.text) refers to _printf_percent.o(.ARM.Collect$$_printf_percent$$00000000) for _printf_percent
    __printf_flags_ss.o(.text) refers to _printf_percent.o(.ARM.Collect$$_printf_percent$$00000000) for _printf_percent
    __printf_flags_ss.o(.text) refers to __printf_flags_ss.o(.constdata) for .constdata
    __printf_wp.o(.text) refers to __printf_wp.o(i._is_digit) for _is_digit
    __printf_wp.o(.text) refers to _printf_percent.o(.ARM.Collect$$_printf_percent$$00000000) for _printf_percent
    __printf_flags_wp.o(.text) refers to __printf_wp.o(i._is_digit) for _is_digit
    __printf_flags_wp.o(.text) refers to _printf_percent.o(.ARM.Collect$$_printf_percent$$00000000) for _printf_percent
    __printf_flags_wp.o(.text) refers to __printf_flags_wp.o(.constdata) for .constdata
    __printf_ss_wp.o(.text) refers to __printf_wp.o(i._is_digit) for _is_digit
    __printf_ss_wp.o(.text) refers to _printf_percent.o(.ARM.Collect$$_printf_percent$$00000000) for _printf_percent
    __printf_flags_ss_wp.o(.text) refers to __printf_wp.o(i._is_digit) for _is_digit
    __printf_flags_ss_wp.o(.text) refers to _printf_percent.o(.ARM.Collect$$_printf_percent$$00000000) for _printf_percent
    __printf_flags_ss_wp.o(.text) refers to __printf_flags_ss_wp.o(.constdata) for .constdata
    _printf_u.o(.ARM.Collect$$_printf_percent$$0000000A) refers (Weak) to _printf_dec.o(.text) for _printf_int_dec
    _printf_percent.o(.ARM.Collect$$_printf_percent$$00000000) refers (Special) to _printf_percent_end.o(.ARM.Collect$$_printf_percent$$00000017) for _printf_percent_end
    rt_memcpy_v6.o(.text) refers to rt_memcpy_w.o(.text) for __aeabi_memcpy4
    __main.o(!!!main) refers to __rtentry.o(.ARM.Collect$$rtentry$$00000000) for __rt_entry
    daddsub_clz.o(x$fpl$dadd) refers (Special) to usenofp.o(x$fpl$usenofp) for __I$use$fp
    daddsub_clz.o(x$fpl$dadd) refers to daddsub_clz.o(x$fpl$dsub) for _dsub1
    daddsub_clz.o(x$fpl$dadd) refers to dretinf.o(x$fpl$dretinf) for __fpl_dretinf
    daddsub_clz.o(x$fpl$dadd) refers to dnaninf.o(x$fpl$dnaninf) for __fpl_dnaninf
    daddsub_clz.o(x$fpl$drsb) refers (Special) to usenofp.o(x$fpl$usenofp) for __I$use$fp
    daddsub_clz.o(x$fpl$drsb) refers to daddsub_clz.o(x$fpl$dadd) for _dadd1
    daddsub_clz.o(x$fpl$drsb) refers to daddsub_clz.o(x$fpl$dsub) for _dsub1
    daddsub_clz.o(x$fpl$dsub) refers (Special) to usenofp.o(x$fpl$usenofp) for __I$use$fp
    daddsub_clz.o(x$fpl$dsub) refers to daddsub_clz.o(x$fpl$dadd) for _dadd1
    daddsub_clz.o(x$fpl$dsub) refers to dnaninf.o(x$fpl$dnaninf) for __fpl_dnaninf
    ddiv.o(x$fpl$drdiv) refers (Special) to usenofp.o(x$fpl$usenofp) for __I$use$fp
    ddiv.o(x$fpl$drdiv) refers to ddiv.o(x$fpl$ddiv) for ddiv_entry
    ddiv.o(x$fpl$ddiv) refers (Special) to usenofp.o(x$fpl$usenofp) for __I$use$fp
    ddiv.o(x$fpl$ddiv) refers to dretinf.o(x$fpl$dretinf) for __fpl_dretinf
    ddiv.o(x$fpl$ddiv) refers to dnaninf.o(x$fpl$dnaninf) for __fpl_dnaninf
    deqf.o(x$fpl$deqf) refers (Special) to usenofp.o(x$fpl$usenofp) for __I$use$fp
    deqf.o(x$fpl$deqf) refers to dnaninf.o(x$fpl$dnaninf) for __fpl_dnaninf
    deqf.o(x$fpl$deqf) refers to dcmpi.o(x$fpl$dcmpinf) for __fpl_dcmp_Inf
    dfixu.o(x$fpl$dfixu) refers (Special) to usenofp.o(x$fpl$usenofp) for __I$use$fp
    dfixu.o(x$fpl$dfixu) refers to dnaninf.o(x$fpl$dnaninf) for __fpl_dnaninf
    dfixu.o(x$fpl$dfixur) refers (Special) to usenofp.o(x$fpl$usenofp) for __I$use$fp
    dfixu.o(x$fpl$dfixur) refers to dnaninf.o(x$fpl$dnaninf) for __fpl_dnaninf
    dflt_clz.o(x$fpl$dfltu) refers (Special) to usenofp.o(x$fpl$usenofp) for __I$use$fp
    dflt_clz.o(x$fpl$dflt) refers (Special) to usenofp.o(x$fpl$usenofp) for __I$use$fp
    dflt_clz.o(x$fpl$dfltn) refers (Special) to usenofp.o(x$fpl$usenofp) for __I$use$fp
    dmul.o(x$fpl$dmul) refers (Special) to usenofp.o(x$fpl$usenofp) for __I$use$fp
    dmul.o(x$fpl$dmul) refers to dretinf.o(x$fpl$dretinf) for __fpl_dretinf
    dmul.o(x$fpl$dmul) refers to dnaninf.o(x$fpl$dnaninf) for __fpl_dnaninf
    __rtentry.o(.ARM.Collect$$rtentry$$00000000) refers (Special) to __rtentry2.o(.ARM.Collect$$rtentry$$0000000A) for __rt_entry_li
    __rtentry.o(.ARM.Collect$$rtentry$$00000000) refers (Special) to __rtentry2.o(.ARM.Collect$$rtentry$$0000000D) for __rt_entry_main
    __rtentry.o(.ARM.Collect$$rtentry$$00000000) refers (Special) to __rtentry2.o(.ARM.Collect$$rtentry$$0000000C) for __rt_entry_postli_1
    __rtentry.o(.ARM.Collect$$rtentry$$00000000) refers (Special) to __rtentry2.o(.ARM.Collect$$rtentry$$00000009) for __rt_entry_postsh_1
    __rtentry.o(.ARM.Collect$$rtentry$$00000000) refers (Special) to __rtentry2.o(.ARM.Collect$$rtentry$$00000002) for __rt_entry_presh_1
    __rtentry.o(.ARM.Collect$$rtentry$$00000000) refers (Special) to __rtentry4.o(.ARM.Collect$$rtentry$$00000004) for __rt_entry_sh
    _printf_intcommon.o(.text) refers (Weak) to _printf_pad.o(.text) for _printf_pre_padding
    _printf_intcommon.o(.text) refers (Weak) to _printf_pad.o(.text) for _printf_pre_padding
    _printf_intcommon.o(.text) refers (Weak) to _printf_pad.o(.text) for _printf_post_padding
    _printf_char_common.o(.text) refers to __printf_flags_wp.o(.text) for __printf
    dcmpi.o(x$fpl$dcmpinf) refers (Special) to usenofp.o(x$fpl$usenofp) for __I$use$fp
    dnaninf.o(x$fpl$dnaninf) refers (Special) to usenofp.o(x$fpl$usenofp) for __I$use$fp
    dretinf.o(x$fpl$dretinf) refers (Special) to usenofp.o(x$fpl$usenofp) for __I$use$fp
    __rtentry2.o(.ARM.Collect$$rtentry$$00000008) refers to boardinit2.o(.text) for _platform_post_stackheap_init
    __rtentry2.o(.ARM.Collect$$rtentry$$0000000A) refers to libinit.o(.ARM.Collect$$libinit$$00000000) for __rt_lib_init
    __rtentry2.o(.ARM.Collect$$rtentry$$0000000B) refers to boardinit3.o(.text) for _platform_post_lib_init
    __rtentry2.o(.ARM.Collect$$rtentry$$0000000D) refers to sample.o(.text) for main
    __rtentry2.o(.ARM.Collect$$rtentry$$0000000D) refers to exit.o(.text) for exit
    __rtentry2.o(.ARM.exidx) refers to __rtentry2.o(.ARM.Collect$$rtentry$$00000001) for .ARM.Collect$$rtentry$$00000001
    __rtentry2.o(.ARM.exidx) refers to __rtentry2.o(.ARM.Collect$$rtentry$$00000008) for .ARM.Collect$$rtentry$$00000008
    __rtentry2.o(.ARM.exidx) refers to __rtentry2.o(.ARM.Collect$$rtentry$$0000000A) for .ARM.Collect$$rtentry$$0000000A
    __rtentry2.o(.ARM.exidx) refers to __rtentry2.o(.ARM.Collect$$rtentry$$0000000B) for .ARM.Collect$$rtentry$$0000000B
    __rtentry2.o(.ARM.exidx) refers to __rtentry2.o(.ARM.Collect$$rtentry$$0000000D) for .ARM.Collect$$rtentry$$0000000D
    __rtentry4.o(.ARM.Collect$$rtentry$$00000004) refers to sys_stackheap_outer.o(.text) for __user_setup_stackheap
    __rtentry4.o(.ARM.exidx) refers to __rtentry4.o(.ARM.Collect$$rtentry$$00000004) for .ARM.Collect$$rtentry$$00000004
    sys_stackheap_outer.o(.text) refers to libspace.o(.text) for __user_perproc_libspace
    sys_stackheap_outer.o(.text) refers to startup_lpc17xx.o(.text) for __user_initial_stackheap
    exit.o(.text) refers to rtexit.o(.ARM.Collect$$rtexit$$00000000) for __rt_exit
    libinit.o(.ARM.Collect$$libinit$$00000000) refers (Special) to libinit2.o(.ARM.Collect$$libinit$$0000002E) for __rt_lib_init_alloca_1
    libinit.o(.ARM.Collect$$libinit$$00000000) refers (Special) to libinit2.o(.ARM.Collect$$libinit$$0000002C) for __rt_lib_init_argv_1
    libinit.o(.ARM.Collect$$libinit$$00000000) refers (Special) to libinit2.o(.ARM.Collect$$libinit$$0000001B) for __rt_lib_init_atexit_1
    libinit.o(.ARM.Collect$$libinit$$00000000) refers (Special) to libinit2.o(.ARM.Collect$$libinit$$00000021) for __rt_lib_init_clock_1
    libinit.o(.ARM.Collect$$libinit$$00000000) refers (Special) to libinit2.o(.ARM.Collect$$libinit$$00000032) for __rt_lib_init_cpp_1
    libinit.o(.ARM.Collect$$libinit$$00000000) refers (Special) to libinit2.o(.ARM.Collect$$libinit$$00000030) for __rt_lib_init_exceptions_1
    libinit.o(.ARM.Collect$$libinit$$00000000) refers (Special) to libinit2.o(.ARM.Collect$$libinit$$00000002) for __rt_lib_init_fp_1
    libinit.o(.ARM.Collect$$libinit$$00000000) refers (Special) to libinit2.o(.ARM.Collect$$libinit$$0000001F) for __rt_lib_init_fp_trap_1
    libinit.o(.ARM.Collect$$libinit$$00000000) refers (Special) to libinit2.o(.ARM.Collect$$libinit$$00000023) for __rt_lib_init_getenv_1
    libinit.o(.ARM.Collect$$libinit$$00000000) refers (Special) to libinit2.o(.ARM.Collect$$libinit$$0000000A) for __rt_lib_init_heap_1
    libinit.o(.ARM.Collect$$libinit$$00000000) refers (Special) to libinit2.o(.ARM.Collect$$libinit$$00000011) for __rt_lib_init_lc_collate_1
    libinit.o(.ARM.Collect$$libinit$$00000000) refers (Special) to libinit2.o(.ARM.Collect$$libinit$$00000013) for __rt_lib_init_lc_ctype_1
    libinit.o(.ARM.Collect$$libinit$$00000000) refers (Special) to libinit2.o(.ARM.Collect$$libinit$$00000015) for __rt_lib_init_lc_monetary_1
    libinit.o(.ARM.Collect$$libinit$$00000000) refers (Special) to libinit2.o(.ARM.Collect$$libinit$$00000017) for __rt_lib_init_lc_numeric_1
    libinit.o(.ARM.Collect$$libinit$$00000000) refers (Special) to libinit2.o(.ARM.Collect$$libinit$$00000019) for __rt_lib_init_lc_time_1
    libinit.o(.ARM.Collect$$libinit$$00000000) refers (Special) to libinit2.o(.ARM.Collect$$libinit$$00000004) for __rt_lib_init_preinit_1
    libinit.o(.ARM.Collect$$libinit$$00000000) refers (Special) to libinit2.o(.ARM.Collect$$libinit$$0000000E) for __rt_lib_init_rand_1
    libinit.o(.ARM.Collect$$libinit$$00000000) refers (Special) to libinit2.o(.ARM.Collect$$libinit$$00000033) for __rt_lib_init_return
    libinit.o(.ARM.Collect$$libinit$$00000000) refers (Special) to libinit2.o(.ARM.Collect$$libinit$$0000001D) for __rt_lib_init_signal_1
    libinit.o(.ARM.Collect$$libinit$$00000000) refers (Special) to libinit2.o(.ARM.Collect$$libinit$$00000025) for __rt_lib_init_stdio_1
    libinit.o(.ARM.Collect$$libinit$$00000000) refers (Special) to libinit2.o(.ARM.Collect$$libinit$$0000000C) for __rt_lib_init_user_alloc_1
    libspace.o(.text) refers to libspace.o(.bss) for __libspace_start
    rtexit.o(.ARM.Collect$$rtexit$$00000000) refers (Special) to rtexit2.o(.ARM.Collect$$rtexit$$00000004) for __rt_exit_exit
    rtexit.o(.ARM.Collect$$rtexit$$00000000) refers (Special) to rtexit2.o(.ARM.Collect$$rtexit$$00000003) for __rt_exit_ls
    rtexit.o(.ARM.Collect$$rtexit$$00000000) refers (Special) to rtexit2.o(.ARM.Collect$$rtexit$$00000002) for __rt_exit_prels_1
    rtexit.o(.ARM.exidx) refers (Special) to rtexit2.o(.ARM.Collect$$rtexit$$00000004) for __rt_exit_exit
    rtexit.o(.ARM.exidx) refers (Special) to rtexit2.o(.ARM.Collect$$rtexit$$00000003) for __rt_exit_ls
    rtexit.o(.ARM.exidx) refers (Special) to rtexit2.o(.ARM.Collect$$rtexit$$00000002) for __rt_exit_prels_1
    rtexit.o(.ARM.exidx) refers to rtexit.o(.ARM.Collect$$rtexit$$00000000) for .ARM.Collect$$rtexit$$00000000
    libinit2.o(.ARM.Collect$$libinit$$00000010) refers to libinit2.o(.ARM.Collect$$libinit$$0000000F) for .ARM.Collect$$libinit$$0000000F
    libinit2.o(.ARM.Collect$$libinit$$00000012) refers to libinit2.o(.ARM.Collect$$libinit$$0000000F) for .ARM.Collect$$libinit$$0000000F
    libinit2.o(.ARM.Collect$$libinit$$00000014) refers to libinit2.o(.ARM.Collect$$libinit$$0000000F) for .ARM.Collect$$libinit$$0000000F
    libinit2.o(.ARM.Collect$$libinit$$00000016) refers to libinit2.o(.ARM.Collect$$libinit$$0000000F) for .ARM.Collect$$libinit$$0000000F
    libinit2.o(.ARM.Collect$$libinit$$00000018) refers to libinit2.o(.ARM.Collect$$libinit$$0000000F) for .ARM.Collect$$libinit$$0000000F
    libinit2.o(.ARM.Collect$$libinit$$00000026) refers to argv_veneer.o(.emb_text) for __ARM_argv_veneer
    libinit2.o(.ARM.Collect$$libinit$$00000027) refers to argv_veneer.o(.emb_text) for __ARM_argv_veneer
    rtexit2.o(.ARM.Collect$$rtexit$$00000003) refers to libshutdown.o(.ARM.Collect$$libshutdown$$00000000) for __rt_lib_shutdown
    rtexit2.o(.ARM.Collect$$rtexit$$00000004) refers to sys_exit.o(.text) for _sys_exit
    rtexit2.o(.ARM.exidx) refers to rtexit2.o(.ARM.Collect$$rtexit$$00000001) for .ARM.Collect$$rtexit$$00000001
    rtexit2.o(.ARM.exidx) refers to rtexit2.o(.ARM.Collect$$rtexit$$00000003) for .ARM.Collect$$rtexit$$00000003
    rtexit2.o(.ARM.exidx) refers to rtexit2.o(.ARM.Collect$$rtexit$$00000004) for .ARM.Collect$$rtexit$$00000004
    argv_veneer.o(.emb_text) refers to no_argv.o(.text) for __ARM_get_argv
    sys_exit.o(.text) refers (Special) to use_no_semi.o(.text) for __I$use$semihosting
    sys_exit.o(.text) refers (Special) to indicate_semi.o(.text) for __semihosting_library_function
    _get_argv_nomalloc.o(.text) refers (Special) to hrguard.o(.text) for __heap_region$guard
    _get_argv_nomalloc.o(.text) refers to defsig_rtmem_outer.o(.text) for __rt_SIGRTMEM
    _get_argv_nomalloc.o(.text) refers to sys_command.o(.text) for _sys_command_string
    libshutdown.o(.ARM.Collect$$libshutdown$$00000000) refers (Special) to libshutdown2.o(.ARM.Collect$$libshutdown$$00000004) for __rt_lib_shutdown_cpp_1
    libshutdown.o(.ARM.Collect$$libshutdown$$00000000) refers (Special) to libshutdown2.o(.ARM.Collect$$libshutdown$$00000002) for __rt_lib_shutdown_fini_1
    libshutdown.o(.ARM.Collect$$libshutdown$$00000000) refers (Special) to libshutdown2.o(.ARM.Collect$$libshutdown$$00000009) for __rt_lib_shutdown_fp_trap_1
    libshutdown.o(.ARM.Collect$$libshutdown$$00000000) refers (Special) to libshutdown2.o(.ARM.Collect$$libshutdown$$00000011) for __rt_lib_shutdown_heap_1
    libshutdown.o(.ARM.Collect$$libshutdown$$00000000) refers (Special) to libshutdown2.o(.ARM.Collect$$libshutdown$$00000012) for __rt_lib_shutdown_return
    libshutdown.o(.ARM.Collect$$libshutdown$$00000000) refers (Special) to libshutdown2.o(.ARM.Collect$$libshutdown$$0000000C) for __rt_lib_shutdown_signal_1
    libshutdown.o(.ARM.Collect$$libshutdown$$00000000) refers (Special) to libshutdown2.o(.ARM.Collect$$libshutdown$$00000006) for __rt_lib_shutdown_stdio_1
    libshutdown.o(.ARM.Collect$$libshutdown$$00000000) refers (Special) to libshutdown2.o(.ARM.Collect$$libshutdown$$0000000E) for __rt_lib_shutdown_user_alloc_1
    sys_command.o(.text) refers (Special) to use_no_semi.o(.text) for __I$use$semihosting
    sys_command.o(.text) refers (Special) to indicate_semi.o(.text) for __semihosting_library_function
    defsig_rtmem_outer.o(.text) refers to defsig_rtmem_inner.o(.text) for __rt_SIGRTMEM_inner
    defsig_rtmem_outer.o(.text) refers to defsig_exit.o(.text) for __sig_exit
    defsig_rtmem_formal.o(.text) refers to rt_raise.o(.text) for __rt_raise
    rt_raise.o(.text) refers to __raise.o(.text) for __raise
    rt_raise.o(.text) refers to sys_exit.o(.text) for _sys_exit
    defsig_exit.o(.text) refers to sys_exit.o(.text) for _sys_exit
    defsig_rtmem_inner.o(.text) refers to defsig_general.o(.text) for __default_signal_display
    __raise.o(.text) refers to defsig.o(CL$$defsig) for __default_signal_handler
    defsig_general.o(.text) refers to sys_wrch.o(.text) for _ttywrch
    sys_wrch.o(.text) refers (Special) to use_no_semi.o(.text) for __I$use$semihosting
    sys_wrch.o(.text) refers (Special) to indicate_semi.o(.text) for __semihosting_library_function
    defsig.o(CL$$defsig) refers to defsig_rtmem_inner.o(.text) for __rt_SIGRTMEM_inner
    defsig_abrt_inner.o(.text) refers to defsig_general.o(.text) for __default_signal_display
    defsig_fpe_inner.o(.text) refers to defsig_general.o(.text) for __default_signal_display
    defsig_rtred_inner.o(.text) refers to defsig_general.o(.text) for __default_signal_display
    defsig_stak_inner.o(.text) refers to defsig_general.o(.text) for __default_signal_display
    defsig_pvfn_inner.o(.text) refers to defsig_general.o(.text) for __default_signal_display
    defsig_cppl_inner.o(.text) refers to defsig_general.o(.text) for __default_signal_display
    defsig_segv_inner.o(.text) refers to defsig_general.o(.text) for __default_signal_display
    defsig_other.o(.text) refers to defsig_general.o(.text) for __default_signal_display


==============================================================================

Removing Unused input sections from the image.

    Removing sample.o(.rev16_text), (4 bytes).
    Removing sample.o(.revsh_text), (4 bytes).
    Removing sample.o(.rrx_text), (6 bytes).
    Removing core_cm3.o(.emb_text), (32 bytes).
    Removing system_lpc17xx.o(.rev16_text), (4 bytes).
    Removing system_lpc17xx.o(.revsh_text), (4 bytes).
    Removing system_lpc17xx.o(.rrx_text), (6 bytes).
    Removing irq_timer.o(.rev16_text), (4 bytes).
    Removing irq_timer.o(.revsh_text), (4 bytes).
    Removing irq_timer.o(.rrx_text), (6 bytes).
    Removing lib_timer.o(.rev16_text), (4 bytes).
    Removing lib_timer.o(.revsh_text), (4 bytes).
    Removing lib_timer.o(.rrx_text), (6 bytes).
    Removing lib_joystick.o(.rev16_text), (4 bytes).
    Removing lib_joystick.o(.revsh_text), (4 bytes).
    Removing lib_joystick.o(.rrx_text), (6 bytes).
    Removing glcd_1.o(.rev16_text), (4 bytes).
    Removing glcd_1.o(.revsh_text), (4 bytes).
    Removing glcd_1.o(.rrx_text), (6 bytes).
    Removing hzlib_1.o(.text), (52 bytes).
    Removing hzlib_1.o(.constdata), (216576 bytes).
    Removing irq_rit.o(.rev16_text), (4 bytes).
    Removing irq_rit.o(.revsh_text), (4 bytes).
    Removing irq_rit.o(.rrx_text), (6 bytes).
    Removing lib_rit.o(.rev16_text), (4 bytes).
    Removing lib_rit.o(.revsh_text), (4 bytes).
    Removing lib_rit.o(.rrx_text), (6 bytes).
    Removing functions.o(.rev16_text), (4 bytes).
    Removing functions.o(.revsh_text), (4 bytes).
    Removing functions.o(.rrx_text), (6 bytes).
    Removing touchpanel.o(.rev16_text), (4 bytes).
    Removing touchpanel.o(.revsh_text), (4 bytes).
    Removing touchpanel.o(.rrx_text), (6 bytes).
    Removing music.o(.rev16_text), (4 bytes).
    Removing music.o(.revsh_text), (4 bytes).
    Removing music.o(.rrx_text), (6 bytes).
    Removing irq_adc.o(.rev16_text), (4 bytes).
    Removing irq_adc.o(.revsh_text), (4 bytes).
    Removing irq_adc.o(.rrx_text), (6 bytes).
    Removing irq_adc.o(.constdata), (32 bytes).
    Removing lib_adc.o(.rev16_text), (4 bytes).
    Removing lib_adc.o(.revsh_text), (4 bytes).
    Removing lib_adc.o(.rrx_text), (6 bytes).

43 unused section(s) (total 216874 bytes) removed from the image.

==============================================================================

Image Symbol Table

    Local Symbols

    Symbol Name                              Value     Ov Type        Size  Object(Section)

    RESET                                    0x00000000   Section      204  startup_lpc17xx.o(RESET)
    ../clib/angel/boardlib.s                 0x00000000   Number         0  boardinit1.o ABSOLUTE
    ../clib/angel/boardlib.s                 0x00000000   Number         0  boardshut.o ABSOLUTE
    ../clib/angel/boardlib.s                 0x00000000   Number         0  boardinit3.o ABSOLUTE
    ../clib/angel/boardlib.s                 0x00000000   Number         0  boardinit2.o ABSOLUTE
    ../clib/angel/dczerorl2.s                0x00000000   Number         0  __dczerorl2.o ABSOLUTE
    ../clib/angel/handlers.s                 0x00000000   Number         0  __scatter_zi.o ABSOLUTE
    ../clib/angel/kernel.s                   0x00000000   Number         0  rtexit2.o ABSOLUTE
    ../clib/angel/kernel.s                   0x00000000   Number         0  __rtentry.o ABSOLUTE
    ../clib/angel/kernel.s                   0x00000000   Number         0  rtexit.o ABSOLUTE
    ../clib/angel/kernel.s                   0x00000000   Number         0  __rtentry2.o ABSOLUTE
    ../clib/angel/kernel.s                   0x00000000   Number         0  __rtentry4.o ABSOLUTE
    ../clib/angel/rt.s                       0x00000000   Number         0  rt_raise.o ABSOLUTE
    ../clib/angel/scatter.s                  0x00000000   Number         0  __scatter.o ABSOLUTE
    ../clib/angel/startup.s                  0x00000000   Number         0  __main.o ABSOLUTE
    ../clib/angel/sys.s                      0x00000000   Number         0  libspace.o ABSOLUTE
    ../clib/angel/sys.s                      0x00000000   Number         0  use_no_semi.o ABSOLUTE
    ../clib/angel/sys.s                      0x00000000   Number         0  sys_stackheap_outer.o ABSOLUTE
    ../clib/angel/sys.s                      0x00000000   Number         0  indicate_semi.o ABSOLUTE
    ../clib/angel/sysapp.c                   0x00000000   Number         0  sys_exit.o ABSOLUTE
    ../clib/angel/sysapp.c                   0x00000000   Number         0  sys_command.o ABSOLUTE
    ../clib/angel/sysapp.c                   0x00000000   Number         0  sys_wrch.o ABSOLUTE
    ../clib/armsys.c                         0x00000000   Number         0  argv_veneer.o ABSOLUTE
    ../clib/armsys.c                         0x00000000   Number         0  _get_argv_nomalloc.o ABSOLUTE
    ../clib/armsys.c                         0x00000000   Number         0  no_argv.o ABSOLUTE
    ../clib/armsys.c                         0x00000000   Number         0  argv_veneer.o ABSOLUTE
    ../clib/heapalloc.c                      0x00000000   Number         0  hrguard.o ABSOLUTE
    ../clib/heapaux.c                        0x00000000   Number         0  heapauxi.o ABSOLUTE
    ../clib/libinit.s                        0x00000000   Number         0  libinit2.o ABSOLUTE
    ../clib/libinit.s                        0x00000000   Number         0  libshutdown.o ABSOLUTE
    ../clib/libinit.s                        0x00000000   Number         0  libshutdown2.o ABSOLUTE
    ../clib/libinit.s                        0x00000000   Number         0  libinit.o ABSOLUTE
    ../clib/memcpset.s                       0x00000000   Number         0  rt_memcpy_v6.o ABSOLUTE
    ../clib/memcpset.s                       0x00000000   Number         0  rt_memcpy_w.o ABSOLUTE
    ../clib/memcpset.s                       0x00000000   Number         0  rt_memclr_w.o ABSOLUTE
    ../clib/misc.s                           0x00000000   Number         0  printf_stubs.o ABSOLUTE
    ../clib/printf.c                         0x00000000   Number         0  _printf_dec.o ABSOLUTE
    ../clib/printf.c                         0x00000000   Number         0  __printf_flags_wp.o ABSOLUTE
    ../clib/printf.c                         0x00000000   Number         0  _printf_pad.o ABSOLUTE
    ../clib/printf.c                         0x00000000   Number         0  __printf.o ABSOLUTE
    ../clib/printf.c                         0x00000000   Number         0  __printf_nopercent.o ABSOLUTE
    ../clib/printf.c                         0x00000000   Number         0  noretval__2sprintf.o ABSOLUTE
    ../clib/printf.c                         0x00000000   Number         0  __printf_flags_ss_wp.o ABSOLUTE
    ../clib/printf.c                         0x00000000   Number         0  __printf_wp.o ABSOLUTE
    ../clib/printf.c                         0x00000000   Number         0  _sputc.o ABSOLUTE
    ../clib/printf.c                         0x00000000   Number         0  __printf_ss_wp.o ABSOLUTE
    ../clib/printf.c                         0x00000000   Number         0  __printf_flags_ss.o ABSOLUTE
    ../clib/printf.c                         0x00000000   Number         0  _printf_intcommon.o ABSOLUTE
    ../clib/printf.c                         0x00000000   Number         0  __printf_ss.o ABSOLUTE
    ../clib/printf.c                         0x00000000   Number         0  __printf_flags.o ABSOLUTE
    ../clib/printf.c                         0x00000000   Number         0  _printf_char_common.o ABSOLUTE
    ../clib/printf.c                         0x00000000   Number         0  __2sprintf.o ABSOLUTE
    ../clib/printf_percent.s                 0x00000000   Number         0  _printf_percent.o ABSOLUTE
    ../clib/printf_percent.s                 0x00000000   Number         0  _printf_u.o ABSOLUTE
    ../clib/printf_percent.s                 0x00000000   Number         0  _printf_percent_end.o ABSOLUTE
    ../clib/signal.c                         0x00000000   Number         0  defsig_rtred_inner.o ABSOLUTE
    ../clib/signal.c                         0x00000000   Number         0  defsig_fpe_inner.o ABSOLUTE
    ../clib/signal.c                         0x00000000   Number         0  defsig_abrt_inner.o ABSOLUTE
    ../clib/signal.c                         0x00000000   Number         0  defsig_rtmem_outer.o ABSOLUTE
    ../clib/signal.c                         0x00000000   Number         0  defsig_rtmem_formal.o ABSOLUTE
    ../clib/signal.c                         0x00000000   Number         0  defsig_other.o ABSOLUTE
    ../clib/signal.c                         0x00000000   Number         0  defsig_segv_inner.o ABSOLUTE
    ../clib/signal.c                         0x00000000   Number         0  defsig_exit.o ABSOLUTE
    ../clib/signal.c                         0x00000000   Number         0  defsig_rtmem_inner.o ABSOLUTE
    ../clib/signal.c                         0x00000000   Number         0  defsig_cppl_inner.o ABSOLUTE
    ../clib/signal.c                         0x00000000   Number         0  defsig_pvfn_inner.o ABSOLUTE
    ../clib/signal.c                         0x00000000   Number         0  __raise.o ABSOLUTE
    ../clib/signal.c                         0x00000000   Number         0  defsig_stak_inner.o ABSOLUTE
    ../clib/signal.c                         0x00000000   Number         0  defsig_general.o ABSOLUTE
    ../clib/signal.s                         0x00000000   Number         0  defsig.o ABSOLUTE
    ../clib/stdlib.c                         0x00000000   Number         0  exit.o ABSOLUTE
    ../fplib/daddsub.s                       0x00000000   Number         0  daddsub_clz.o ABSOLUTE
    ../fplib/dcmpi.s                         0x00000000   Number         0  dcmpi.o ABSOLUTE
    ../fplib/ddiv.s                          0x00000000   Number         0  ddiv.o ABSOLUTE
    ../fplib/deqf.s                          0x00000000   Number         0  deqf.o ABSOLUTE
    ../fplib/dfixu.s                         0x00000000   Number         0  dfixu.o ABSOLUTE
    ../fplib/dflt.s                          0x00000000   Number         0  dflt_clz.o ABSOLUTE
    ../fplib/dmul.s                          0x00000000   Number         0  dmul.o ABSOLUTE
    ../fplib/dnaninf.s                       0x00000000   Number         0  dnaninf.o ABSOLUTE
    ../fplib/dretinf.s                       0x00000000   Number         0  dretinf.o ABSOLUTE
    ../fplib/fpinit.s                        0x00000000   Number         0  fpinit.o ABSOLUTE
    ../fplib/usenofp.s                       0x00000000   Number         0  usenofp.o ABSOLUTE
    ..\..\..\GLCD_advanced\AsciiLib.c        0x00000000   Number         0  asciilib_1.o ABSOLUTE
    ..\..\..\GLCD_advanced\GLCD.c            0x00000000   Number         0  glcd_1.o ABSOLUTE
    ..\..\..\GLCD_advanced\HzLib.c           0x00000000   Number         0  hzlib_1.o ABSOLUTE
    ..\\..\\..\\GLCD_advanced\\GLCD.c        0x00000000   Number         0  glcd_1.o ABSOLUTE
    My_functions\\functions.c                0x00000000   Number         0  functions.o ABSOLUTE
    My_functions\functions.c                 0x00000000   Number         0  functions.o ABSOLUTE
    RIT\IRQ_RIT.c                            0x00000000   Number         0  irq_rit.o ABSOLUTE
    RIT\\IRQ_RIT.c                           0x00000000   Number         0  irq_rit.o ABSOLUTE
    RIT\\lib_RIT.c                           0x00000000   Number         0  lib_rit.o ABSOLUTE
    RIT\lib_RIT.c                            0x00000000   Number         0  lib_rit.o ABSOLUTE
    TP\TouchPanel.c                          0x00000000   Number         0  touchpanel.o ABSOLUTE
    TP\\TouchPanel.c                         0x00000000   Number         0  touchpanel.o ABSOLUTE
    adc\IRQ_adc.c                            0x00000000   Number         0  irq_adc.o ABSOLUTE
    adc\\IRQ_adc.c                           0x00000000   Number         0  irq_adc.o ABSOLUTE
    adc\\lib_adc.c                           0x00000000   Number         0  lib_adc.o ABSOLUTE
    adc\lib_adc.c                            0x00000000   Number         0  lib_adc.o ABSOLUTE
    core_cm3.c                               0x00000000   Number         0  core_cm3.o ABSOLUTE
    core_cm3.c                               0x00000000   Number         0  core_cm3.o ABSOLUTE
    dc.s                                     0x00000000   Number         0  dc.o ABSOLUTE
    joystick\\lib_joystick.c                 0x00000000   Number         0  lib_joystick.o ABSOLUTE
    joystick\lib_joystick.c                  0x00000000   Number         0  lib_joystick.o ABSOLUTE
    music\\music.c                           0x00000000   Number         0  music.o ABSOLUTE
    music\music.c                            0x00000000   Number         0  music.o ABSOLUTE
    sample.c                                 0x00000000   Number         0  sample.o ABSOLUTE
    sample.c                                 0x00000000   Number         0  sample.o ABSOLUTE
    startup_LPC17xx.s                        0x00000000   Number         0  startup_lpc17xx.o ABSOLUTE
    system_LPC17xx.c                         0x00000000   Number         0  system_lpc17xx.o ABSOLUTE
    system_LPC17xx.c                         0x00000000   Number         0  system_lpc17xx.o ABSOLUTE
    timer\IRQ_timer.c                        0x00000000   Number         0  irq_timer.o ABSOLUTE
    timer\\IRQ_timer.c                       0x00000000   Number         0  irq_timer.o ABSOLUTE
    timer\\lib_timer.c                       0x00000000   Number         0  lib_timer.o ABSOLUTE
    timer\lib_timer.c                        0x00000000   Number         0  lib_timer.o ABSOLUTE
    !!!main                                  0x000000cc   Section        8  __main.o(!!!main)
    !!!scatter                               0x000000d4   Section       52  __scatter.o(!!!scatter)
    !!dczerorl2                              0x00000108   Section       90  __dczerorl2.o(!!dczerorl2)
    !!handler_zi                             0x00000164   Section       28  __scatter_zi.o(!!handler_zi)
    .ARM.Collect$$_printf_percent$$00000000  0x00000180   Section        0  _printf_percent.o(.ARM.Collect$$_printf_percent$$00000000)
    .ARM.Collect$$_printf_percent$$0000000A  0x00000180   Section        6  _printf_u.o(.ARM.Collect$$_printf_percent$$0000000A)
    .ARM.Collect$$_printf_percent$$00000017  0x00000186   Section        4  _printf_percent_end.o(.ARM.Collect$$_printf_percent$$00000017)
    .ARM.Collect$$libinit$$00000000          0x0000018a   Section        2  libinit.o(.ARM.Collect$$libinit$$00000000)
    .ARM.Collect$$libinit$$00000002          0x0000018c   Section        0  libinit2.o(.ARM.Collect$$libinit$$00000002)
    .ARM.Collect$$libinit$$00000004          0x0000018c   Section        0  libinit2.o(.ARM.Collect$$libinit$$00000004)
    .ARM.Collect$$libinit$$0000000A          0x0000018c   Section        0  libinit2.o(.ARM.Collect$$libinit$$0000000A)
    .ARM.Collect$$libinit$$0000000C          0x0000018c   Section        0  libinit2.o(.ARM.Collect$$libinit$$0000000C)
    .ARM.Collect$$libinit$$0000000E          0x0000018c   Section        0  libinit2.o(.ARM.Collect$$libinit$$0000000E)
    .ARM.Collect$$libinit$$00000011          0x0000018c   Section        0  libinit2.o(.ARM.Collect$$libinit$$00000011)
    .ARM.Collect$$libinit$$00000013          0x0000018c   Section        0  libinit2.o(.ARM.Collect$$libinit$$00000013)
    .ARM.Collect$$libinit$$00000015          0x0000018c   Section        0  libinit2.o(.ARM.Collect$$libinit$$00000015)
    .ARM.Collect$$libinit$$00000017          0x0000018c   Section        0  libinit2.o(.ARM.Collect$$libinit$$00000017)
    .ARM.Collect$$libinit$$00000019          0x0000018c   Section        0  libinit2.o(.ARM.Collect$$libinit$$00000019)
    .ARM.Collect$$libinit$$0000001B          0x0000018c   Section        0  libinit2.o(.ARM.Collect$$libinit$$0000001B)
    .ARM.Collect$$libinit$$0000001D          0x0000018c   Section        0  libinit2.o(.ARM.Collect$$libinit$$0000001D)
    .ARM.Collect$$libinit$$0000001F          0x0000018c   Section        0  libinit2.o(.ARM.Collect$$libinit$$0000001F)
    .ARM.Collect$$libinit$$00000021          0x0000018c   Section        0  libinit2.o(.ARM.Collect$$libinit$$00000021)
    .ARM.Collect$$libinit$$00000023          0x0000018c   Section        0  libinit2.o(.ARM.Collect$$libinit$$00000023)
    .ARM.Collect$$libinit$$00000025          0x0000018c   Section        0  libinit2.o(.ARM.Collect$$libinit$$00000025)
    .ARM.Collect$$libinit$$0000002C          0x0000018c   Section        0  libinit2.o(.ARM.Collect$$libinit$$0000002C)
    .ARM.Collect$$libinit$$0000002E          0x0000018c   Section        0  libinit2.o(.ARM.Collect$$libinit$$0000002E)
    .ARM.Collect$$libinit$$00000030          0x0000018c   Section        0  libinit2.o(.ARM.Collect$$libinit$$00000030)
    .ARM.Collect$$libinit$$00000032          0x0000018c   Section        0  libinit2.o(.ARM.Collect$$libinit$$00000032)
    .ARM.Collect$$libinit$$00000033          0x0000018c   Section        2  libinit2.o(.ARM.Collect$$libinit$$00000033)
    .ARM.Collect$$libshutdown$$00000000      0x0000018e   Section        2  libshutdown.o(.ARM.Collect$$libshutdown$$00000000)
    .ARM.Collect$$libshutdown$$00000002      0x00000190   Section        0  libshutdown2.o(.ARM.Collect$$libshutdown$$00000002)
    .ARM.Collect$$libshutdown$$00000004      0x00000190   Section        0  libshutdown2.o(.ARM.Collect$$libshutdown$$00000004)
    .ARM.Collect$$libshutdown$$00000006      0x00000190   Section        0  libshutdown2.o(.ARM.Collect$$libshutdown$$00000006)
    .ARM.Collect$$libshutdown$$00000009      0x00000190   Section        0  libshutdown2.o(.ARM.Collect$$libshutdown$$00000009)
    .ARM.Collect$$libshutdown$$0000000C      0x00000190   Section        0  libshutdown2.o(.ARM.Collect$$libshutdown$$0000000C)
    .ARM.Collect$$libshutdown$$0000000E      0x00000190   Section        0  libshutdown2.o(.ARM.Collect$$libshutdown$$0000000E)
    .ARM.Collect$$libshutdown$$00000011      0x00000190   Section        0  libshutdown2.o(.ARM.Collect$$libshutdown$$00000011)
    .ARM.Collect$$libshutdown$$00000012      0x00000190   Section        2  libshutdown2.o(.ARM.Collect$$libshutdown$$00000012)
    .ARM.Collect$$rtentry$$00000000          0x00000192   Section        0  __rtentry.o(.ARM.Collect$$rtentry$$00000000)
    .ARM.Collect$$rtentry$$00000002          0x00000192   Section        0  __rtentry2.o(.ARM.Collect$$rtentry$$00000002)
    .ARM.Collect$$rtentry$$00000004          0x00000192   Section        6  __rtentry4.o(.ARM.Collect$$rtentry$$00000004)
    .ARM.Collect$$rtentry$$00000009          0x00000198   Section        0  __rtentry2.o(.ARM.Collect$$rtentry$$00000009)
    .ARM.Collect$$rtentry$$0000000A          0x00000198   Section        4  __rtentry2.o(.ARM.Collect$$rtentry$$0000000A)
    .ARM.Collect$$rtentry$$0000000C          0x0000019c   Section        0  __rtentry2.o(.ARM.Collect$$rtentry$$0000000C)
    .ARM.Collect$$rtentry$$0000000D          0x0000019c   Section        8  __rtentry2.o(.ARM.Collect$$rtentry$$0000000D)
    .ARM.Collect$$rtexit$$00000000           0x000001a4   Section        2  rtexit.o(.ARM.Collect$$rtexit$$00000000)
    .ARM.Collect$$rtexit$$00000002           0x000001a6   Section        0  rtexit2.o(.ARM.Collect$$rtexit$$00000002)
    .ARM.Collect$$rtexit$$00000003           0x000001a6   Section        4  rtexit2.o(.ARM.Collect$$rtexit$$00000003)
    .ARM.Collect$$rtexit$$00000004           0x000001aa   Section        6  rtexit2.o(.ARM.Collect$$rtexit$$00000004)
    .text                                    0x000001b0   Section       52  startup_lpc17xx.o(.text)
    .text                                    0x000001e4   Section        0  sample.o(.text)
    .text                                    0x00000290   Section        0  lib_joystick.o(.text)
    .text                                    0x000002e4   Section        0  heapauxi.o(.text)
    .text                                    0x000002ea   Section        0  _sputc.o(.text)
    .text                                    0x000002f4   Section        8  libspace.o(.text)
    .ARM.__at_0x02FC                         0x000002fc   Section        4  startup_lpc17xx.o(.ARM.__at_0x02FC)
    .text                                    0x00000300   Section        0  system_lpc17xx.o(.text)
    .text                                    0x0000054c   Section        0  irq_timer.o(.text)
    .text                                    0x000009a4   Section        0  lib_timer.o(.text)
    __NVIC_EnableIRQ                         0x000009a5   Thumb Code    34  lib_timer.o(.text)
    __NVIC_SetPriority                       0x000009c7   Thumb Code    32  lib_timer.o(.text)
    .text                                    0x00000b28   Section        0  asciilib_1.o(.text)
    .text                                    0x00000b48   Section        0  glcd_1.o(.text)
    LCD_Configuration                        0x00000b49   Thumb Code    20  glcd_1.o(.text)
    wait_delay                               0x00000b5d   Thumb Code    12  glcd_1.o(.text)
    LCD_SetCursor                            0x00000b69   Thumb Code  1356  glcd_1.o(.text)
    delay_ms                                 0x000010b5   Thumb Code    30  glcd_1.o(.text)
    LCD_BGR2RGB                              0x0000687d   Thumb Code    26  glcd_1.o(.text)
    .text                                    0x0000783c   Section        0  irq_rit.o(.text)
    .text                                    0x00007bec   Section        0  lib_rit.o(.text)
    .text                                    0x00007cac   Section        0  functions.o(.text)
    .text                                    0x000085e4   Section        0  touchpanel.o(.text)
    ADS7843_SPI_Init                         0x000085f5   Thumb Code   128  touchpanel.o(.text)
    WR_CMD                                   0x000086af   Thumb Code    56  touchpanel.o(.text)
    RD_AD                                    0x000086e7   Thumb Code    42  touchpanel.o(.text)
    .text                                    0x00008f64   Section        0  music.o(.text)
    .text                                    0x00008fb4   Section        0  irq_adc.o(.text)
    .text                                    0x000092d0   Section        0  lib_adc.o(.text)
    .text                                    0x00009368   Section        0  noretval__2sprintf.o(.text)
    .text                                    0x00009390   Section        0  _printf_pad.o(.text)
    .text                                    0x000093e0   Section        0  _printf_dec.o(.text)
    .text                                    0x00009458   Section        0  __printf_flags_wp.o(.text)
    .text                                    0x00009590   Section      138  rt_memcpy_v6.o(.text)
    .text                                    0x0000961a   Section      100  rt_memcpy_w.o(.text)
    .text                                    0x0000967e   Section       78  rt_memclr_w.o(.text)
    .text                                    0x000096cc   Section        0  _printf_intcommon.o(.text)
    .text                                    0x00009780   Section        0  _printf_char_common.o(.text)
    _printf_input_char                       0x00009781   Thumb Code    10  _printf_char_common.o(.text)
    .text                                    0x000097b0   Section       74  sys_stackheap_outer.o(.text)
    .text                                    0x000097fa   Section        0  exit.o(.text)
    .text                                    0x0000980c   Section        0  sys_exit.o(.text)
    .text                                    0x00009818   Section        2  use_no_semi.o(.text)
    .text                                    0x0000981a   Section        0  indicate_semi.o(.text)
    i._is_digit                              0x0000981a   Section        0  __printf_wp.o(i._is_digit)
    x$fpl$dadd                               0x00009828   Section      336  daddsub_clz.o(x$fpl$dadd)
    _dadd1                                   0x00009839   Thumb Code     0  daddsub_clz.o(x$fpl$dadd)
    x$fpl$dcmpinf                            0x00009978   Section       24  dcmpi.o(x$fpl$dcmpinf)
    x$fpl$ddiv                               0x00009990   Section      688  ddiv.o(x$fpl$ddiv)
    ddiv_entry                               0x00009997   Thumb Code     0  ddiv.o(x$fpl$ddiv)
    x$fpl$deqf                               0x00009c40   Section      120  deqf.o(x$fpl$deqf)
    x$fpl$dfixu                              0x00009cb8   Section       90  dfixu.o(x$fpl$dfixu)
    x$fpl$dflt                               0x00009d12   Section       46  dflt_clz.o(x$fpl$dflt)
    x$fpl$dfltu                              0x00009d40   Section       38  dflt_clz.o(x$fpl$dfltu)
    x$fpl$dmul                               0x00009d68   Section      340  dmul.o(x$fpl$dmul)
    x$fpl$dnaninf                            0x00009ebc   Section      156  dnaninf.o(x$fpl$dnaninf)
    x$fpl$dretinf                            0x00009f58   Section       12  dretinf.o(x$fpl$dretinf)
    x$fpl$dsub                               0x00009f64   Section      468  daddsub_clz.o(x$fpl$dsub)
    _dsub1                                   0x00009f75   Thumb Code     0  daddsub_clz.o(x$fpl$dsub)
    .constdata                               0x0000a138   Section     1520  asciilib_1.o(.constdata)
    x$fpl$usenofp                            0x0000a138   Section        0  usenofp.o(x$fpl$usenofp)
    AsciiLib                                 0x0000a138   Data        1520  asciilib_1.o(.constdata)
    .constdata                               0x0000a728   Section     1612  functions.o(.constdata)
    .constdata                               0x0000ad74   Section       17  __printf_flags_wp.o(.constdata)
    maptable                                 0x0000ad74   Data          17  __printf_flags_wp.o(.constdata)
    STACK                                    0x10000000   Section     1024  startup_lpc17xx.o(STACK)
    Stack_Mem                                0x10000000   Data        1024  startup_lpc17xx.o(STACK)
    __initial_sp                             0x10000400   Data           0  startup_lpc17xx.o(STACK)
    .data                                    0x2007c000   Section        5  system_lpc17xx.o(.data)
    .data                                    0x2007c008   Section      248  irq_timer.o(.data)
    sineticks                                0x2007c0fc   Data           4  irq_timer.o(.data)
    .data                                    0x2007c100   Section        4  glcd_1.o(.data)
    LCD_Code                                 0x2007c100   Data           1  glcd_1.o(.data)
    back_color                               0x2007c102   Data           2  glcd_1.o(.data)
    .data                                    0x2007c104   Section       36  irq_rit.o(.data)
    J_down1                                  0x2007c120   Data           4  irq_rit.o(.data)
    J_down2                                  0x2007c124   Data           4  irq_rit.o(.data)
    .data                                    0x2007c128   Section       24  functions.o(.data)
    .data                                    0x2007c140   Section       20  touchpanel.o(.data)
    screen                                   0x2007c150   Data           4  touchpanel.o(.data)
    .data                                    0x2007c154   Section        8  irq_adc.o(.data)
    .bss                                     0x2007c160   Section       68  touchpanel.o(.bss)
    .bss                                     0x2007c1a4   Section       96  libspace.o(.bss)
    HEAP                                     0x2007c208   Section        0  startup_lpc17xx.o(HEAP)
    Heap_Mem                                 0x2007c208   Data           0  startup_lpc17xx.o(HEAP)

    Global Symbols

    Symbol Name                              Value     Ov Type        Size  Object(Section)

    BuildAttributes$$THM_ISAv4$P$D$K$B$S$PE$A:L22UL41UL21$X:L11$S22US41US21$IEEE1$IW$USESV6$~STKCKD$USESV7$~SHL$OSPACE$ROPI$EBA8$UX$STANDARDLIB$REQ8$PRES8$EABIv2 0x00000000   Number         0  anon$$obj.o ABSOLUTE
    __ARM_use_no_argv                        0x00000000   Number         0  sample.o ABSOLUTE
    __Vectors                                0x00000000   Data           4  startup_lpc17xx.o(RESET)
    _printf_flags                            0x00000000   Number         0  printf_stubs.o ABSOLUTE
    _printf_return_value                     0x00000000   Number         0  printf_stubs.o ABSOLUTE
    _printf_sizespec                         0x00000000   Number         0  printf_stubs.o ABSOLUTE
    _printf_widthprec                        0x00000000   Number         0  printf_stubs.o ABSOLUTE
    __ARM_exceptions_init                     - Undefined Weak Reference
    __alloca_initialize                       - Undefined Weak Reference
    __arm_fini_                               - Undefined Weak Reference
    __arm_preinit_                            - Undefined Weak Reference
    __cpp_initialize__aeabi_                  - Undefined Weak Reference
    __cxa_finalize                            - Undefined Weak Reference
    __rt_locale                               - Undefined Weak Reference
    __sigvec_lookup                           - Undefined Weak Reference
    _atexit_init                              - Undefined Weak Reference
    _call_atexit_fns                          - Undefined Weak Reference
    _clock_init                               - Undefined Weak Reference
    _fp_trap_init                             - Undefined Weak Reference
    _fp_trap_shutdown                         - Undefined Weak Reference
    _get_lc_collate                           - Undefined Weak Reference
    _get_lc_ctype                             - Undefined Weak Reference
    _get_lc_monetary                          - Undefined Weak Reference
    _get_lc_numeric                           - Undefined Weak Reference
    _get_lc_time                              - Undefined Weak Reference
    _getenv_init                              - Undefined Weak Reference
    _handle_redirection                       - Undefined Weak Reference
    _init_alloc                               - Undefined Weak Reference
    _init_user_alloc                          - Undefined Weak Reference
    _initio                                   - Undefined Weak Reference
    _printf_truncate_signed                   - Undefined Weak Reference
    _printf_truncate_unsigned                 - Undefined Weak Reference
    _rand_init                                - Undefined Weak Reference
    _signal_finish                            - Undefined Weak Reference
    _signal_init                              - Undefined Weak Reference
    _terminate_alloc                          - Undefined Weak Reference
    _terminate_user_alloc                     - Undefined Weak Reference
    _terminateio                              - Undefined Weak Reference
    __main                                   0x000000cd   Thumb Code     8  __main.o(!!!main)
    __scatterload                            0x000000d5   Thumb Code     0  __scatter.o(!!!scatter)
    __scatterload_rt2                        0x000000d5   Thumb Code    44  __scatter.o(!!!scatter)
    __scatterload_rt2_thumb_only             0x000000d5   Thumb Code     0  __scatter.o(!!!scatter)
    __scatterload_null                       0x000000e3   Thumb Code     0  __scatter.o(!!!scatter)
    __decompress                             0x00000109   Thumb Code    90  __dczerorl2.o(!!dczerorl2)
    __decompress1                            0x00000109   Thumb Code     0  __dczerorl2.o(!!dczerorl2)
    __scatterload_zeroinit                   0x00000165   Thumb Code    28  __scatter_zi.o(!!handler_zi)
    _printf_percent                          0x00000181   Thumb Code     0  _printf_percent.o(.ARM.Collect$$_printf_percent$$00000000)
    _printf_u                                0x00000181   Thumb Code     0  _printf_u.o(.ARM.Collect$$_printf_percent$$0000000A)
    _printf_percent_end                      0x00000187   Thumb Code     0  _printf_percent_end.o(.ARM.Collect$$_printf_percent$$00000017)
    __rt_lib_init                            0x0000018b   Thumb Code     0  libinit.o(.ARM.Collect$$libinit$$00000000)
    __rt_lib_init_alloca_1                   0x0000018d   Thumb Code     0  libinit2.o(.ARM.Collect$$libinit$$0000002E)
    __rt_lib_init_argv_1                     0x0000018d   Thumb Code     0  libinit2.o(.ARM.Collect$$libinit$$0000002C)
    __rt_lib_init_atexit_1                   0x0000018d   Thumb Code     0  libinit2.o(.ARM.Collect$$libinit$$0000001B)
    __rt_lib_init_clock_1                    0x0000018d   Thumb Code     0  libinit2.o(.ARM.Collect$$libinit$$00000021)
    __rt_lib_init_cpp_1                      0x0000018d   Thumb Code     0  libinit2.o(.ARM.Collect$$libinit$$00000032)
    __rt_lib_init_exceptions_1               0x0000018d   Thumb Code     0  libinit2.o(.ARM.Collect$$libinit$$00000030)
    __rt_lib_init_fp_1                       0x0000018d   Thumb Code     0  libinit2.o(.ARM.Collect$$libinit$$00000002)
    __rt_lib_init_fp_trap_1                  0x0000018d   Thumb Code     0  libinit2.o(.ARM.Collect$$libinit$$0000001F)
    __rt_lib_init_getenv_1                   0x0000018d   Thumb Code     0  libinit2.o(.ARM.Collect$$libinit$$00000023)
    __rt_lib_init_heap_1                     0x0000018d   Thumb Code     0  libinit2.o(.ARM.Collect$$libinit$$0000000A)
    __rt_lib_init_lc_collate_1               0x0000018d   Thumb Code     0  libinit2.o(.ARM.Collect$$libinit$$00000011)
    __rt_lib_init_lc_ctype_1                 0x0000018d   Thumb Code     0  libinit2.o(.ARM.Collect$$libinit$$00000013)
    __rt_lib_init_lc_monetary_1              0x0000018d   Thumb Code     0  libinit2.o(.ARM.Collect$$libinit$$00000015)
    __rt_lib_init_lc_numeric_1               0x0000018d   Thumb Code     0  libinit2.o(.ARM.Collect$$libinit$$00000017)
    __rt_lib_init_lc_time_1                  0x0000018d   Thumb Code     0  libinit2.o(.ARM.Collect$$libinit$$00000019)
    __rt_lib_init_preinit_1                  0x0000018d   Thumb Code     0  libinit2.o(.ARM.Collect$$libinit$$00000004)
    __rt_lib_init_rand_1                     0x0000018d   Thumb Code     0  libinit2.o(.ARM.Collect$$libinit$$0000000E)
    __rt_lib_init_return                     0x0000018d   Thumb Code     0  libinit2.o(.ARM.Collect$$libinit$$00000033)
    __rt_lib_init_signal_1                   0x0000018d   Thumb Code     0  libinit2.o(.ARM.Collect$$libinit$$0000001D)
    __rt_lib_init_stdio_1                    0x0000018d   Thumb Code     0  libinit2.o(.ARM.Collect$$libinit$$00000025)
    __rt_lib_init_user_alloc_1               0x0000018d   Thumb Code     0  libinit2.o(.ARM.Collect$$libinit$$0000000C)
    __rt_lib_shutdown                        0x0000018f   Thumb Code     0  libshutdown.o(.ARM.Collect$$libshutdown$$00000000)
    __rt_lib_shutdown_cpp_1                  0x00000191   Thumb Code     0  libshutdown2.o(.ARM.Collect$$libshutdown$$00000004)
    __rt_lib_shutdown_fini_1                 0x00000191   Thumb Code     0  libshutdown2.o(.ARM.Collect$$libshutdown$$00000002)
    __rt_lib_shutdown_fp_trap_1              0x00000191   Thumb Code     0  libshutdown2.o(.ARM.Collect$$libshutdown$$00000009)
    __rt_lib_shutdown_heap_1                 0x00000191   Thumb Code     0  libshutdown2.o(.ARM.Collect$$libshutdown$$00000011)
    __rt_lib_shutdown_return                 0x00000191   Thumb Code     0  libshutdown2.o(.ARM.Collect$$libshutdown$$00000012)
    __rt_lib_shutdown_signal_1               0x00000191   Thumb Code     0  libshutdown2.o(.ARM.Collect$$libshutdown$$0000000C)
    __rt_lib_shutdown_stdio_1                0x00000191   Thumb Code     0  libshutdown2.o(.ARM.Collect$$libshutdown$$00000006)
    __rt_lib_shutdown_user_alloc_1           0x00000191   Thumb Code     0  libshutdown2.o(.ARM.Collect$$libshutdown$$0000000E)
    __rt_entry                               0x00000193   Thumb Code     0  __rtentry.o(.ARM.Collect$$rtentry$$00000000)
    __rt_entry_presh_1                       0x00000193   Thumb Code     0  __rtentry2.o(.ARM.Collect$$rtentry$$00000002)
    __rt_entry_sh                            0x00000193   Thumb Code     0  __rtentry4.o(.ARM.Collect$$rtentry$$00000004)
    __rt_entry_li                            0x00000199   Thumb Code     0  __rtentry2.o(.ARM.Collect$$rtentry$$0000000A)
    __rt_entry_postsh_1                      0x00000199   Thumb Code     0  __rtentry2.o(.ARM.Collect$$rtentry$$00000009)
    __rt_entry_main                          0x0000019d   Thumb Code     0  __rtentry2.o(.ARM.Collect$$rtentry$$0000000D)
    __rt_entry_postli_1                      0x0000019d   Thumb Code     0  __rtentry2.o(.ARM.Collect$$rtentry$$0000000C)
    __rt_exit                                0x000001a5   Thumb Code     0  rtexit.o(.ARM.Collect$$rtexit$$00000000)
    __rt_exit_ls                             0x000001a7   Thumb Code     0  rtexit2.o(.ARM.Collect$$rtexit$$00000003)
    __rt_exit_prels_1                        0x000001a7   Thumb Code     0  rtexit2.o(.ARM.Collect$$rtexit$$00000002)
    __rt_exit_exit                           0x000001ab   Thumb Code     0  rtexit2.o(.ARM.Collect$$rtexit$$00000004)
    Reset_Handler                            0x000001b1   Thumb Code     4  startup_lpc17xx.o(.text)
    NMI_Handler                              0x000001b5   Thumb Code     2  startup_lpc17xx.o(.text)
    HardFault_Handler                        0x000001b7   Thumb Code     2  startup_lpc17xx.o(.text)
    MemManage_Handler                        0x000001b9   Thumb Code     2  startup_lpc17xx.o(.text)
    BusFault_Handler                         0x000001bb   Thumb Code     2  startup_lpc17xx.o(.text)
    UsageFault_Handler                       0x000001bd   Thumb Code     2  startup_lpc17xx.o(.text)
    SVC_Handler                              0x000001bf   Thumb Code     2  startup_lpc17xx.o(.text)
    DebugMon_Handler                         0x000001c1   Thumb Code     2  startup_lpc17xx.o(.text)
    PendSV_Handler                           0x000001c3   Thumb Code     2  startup_lpc17xx.o(.text)
    SysTick_Handler                          0x000001c5   Thumb Code     2  startup_lpc17xx.o(.text)
    BOD_IRQHandler                           0x000001c7   Thumb Code     0  startup_lpc17xx.o(.text)
    CANActivity_IRQHandler                   0x000001c7   Thumb Code     0  startup_lpc17xx.o(.text)
    CAN_IRQHandler                           0x000001c7   Thumb Code     0  startup_lpc17xx.o(.text)
    DMA_IRQHandler                           0x000001c7   Thumb Code     0  startup_lpc17xx.o(.text)
    EINT0_IRQHandler                         0x000001c7   Thumb Code     0  startup_lpc17xx.o(.text)
    EINT1_IRQHandler                         0x000001c7   Thumb Code     0  startup_lpc17xx.o(.text)
    EINT2_IRQHandler                         0x000001c7   Thumb Code     0  startup_lpc17xx.o(.text)
    EINT3_IRQHandler                         0x000001c7   Thumb Code     0  startup_lpc17xx.o(.text)
    ENET_IRQHandler                          0x000001c7   Thumb Code     0  startup_lpc17xx.o(.text)
    I2C0_IRQHandler                          0x000001c7   Thumb Code     0  startup_lpc17xx.o(.text)
    I2C1_IRQHandler                          0x000001c7   Thumb Code     0  startup_lpc17xx.o(.text)
    I2C2_IRQHandler                          0x000001c7   Thumb Code     0  startup_lpc17xx.o(.text)
    I2S_IRQHandler                           0x000001c7   Thumb Code     0  startup_lpc17xx.o(.text)
    MCPWM_IRQHandler                         0x000001c7   Thumb Code     0  startup_lpc17xx.o(.text)
    PLL0_IRQHandler                          0x000001c7   Thumb Code     0  startup_lpc17xx.o(.text)
    PLL1_IRQHandler                          0x000001c7   Thumb Code     0  startup_lpc17xx.o(.text)
    PWM1_IRQHandler                          0x000001c7   Thumb Code     0  startup_lpc17xx.o(.text)
    QEI_IRQHandler                           0x000001c7   Thumb Code     0  startup_lpc17xx.o(.text)
    RTC_IRQHandler                           0x000001c7   Thumb Code     0  startup_lpc17xx.o(.text)
    SPI_IRQHandler                           0x000001c7   Thumb Code     0  startup_lpc17xx.o(.text)
    SSP0_IRQHandler                          0x000001c7   Thumb Code     0  startup_lpc17xx.o(.text)
    SSP1_IRQHandler                          0x000001c7   Thumb Code     0  startup_lpc17xx.o(.text)
    UART0_IRQHandler                         0x000001c7   Thumb Code     0  startup_lpc17xx.o(.text)
    UART1_IRQHandler                         0x000001c7   Thumb Code     0  startup_lpc17xx.o(.text)
    UART2_IRQHandler                         0x000001c7   Thumb Code     0  startup_lpc17xx.o(.text)
    UART3_IRQHandler                         0x000001c7   Thumb Code     0  startup_lpc17xx.o(.text)
    USBActivity_IRQHandler                   0x000001c7   Thumb Code     0  startup_lpc17xx.o(.text)
    USB_IRQHandler                           0x000001c7   Thumb Code     0  startup_lpc17xx.o(.text)
    WDT_IRQHandler                           0x000001c7   Thumb Code     0  startup_lpc17xx.o(.text)
    __user_initial_stackheap                 0x000001c9   Thumb Code     0  startup_lpc17xx.o(.text)
    main                                     0x000001e5   Thumb Code   152  sample.o(.text)
    joystick_init                            0x00000291   Thumb Code    74  lib_joystick.o(.text)
    __use_two_region_memory                  0x000002e5   Thumb Code     2  heapauxi.o(.text)
    __rt_heap_escrow$2region                 0x000002e7   Thumb Code     2  heapauxi.o(.text)
    __rt_heap_expand$2region                 0x000002e9   Thumb Code     2  heapauxi.o(.text)
    _sputc                                   0x000002eb   Thumb Code    10  _sputc.o(.text)
    __user_libspace                          0x000002f5   Thumb Code     8  libspace.o(.text)
    __user_perproc_libspace                  0x000002f5   Thumb Code     0  libspace.o(.text)
    __user_perthread_libspace                0x000002f5   Thumb Code     0  libspace.o(.text)
    SystemInit                               0x00000301   Thumb Code   552  system_lpc17xx.o(.text)
    TIMER0_IRQHandler                        0x0000054d   Thumb Code   186  irq_timer.o(.text)
    TIMER1_IRQHandler                        0x00000607   Thumb Code   570  irq_timer.o(.text)
    TIMER2_IRQHandler                        0x00000841   Thumb Code   178  irq_timer.o(.text)
    TIMER3_IRQHandler                        0x000008f3   Thumb Code   178  irq_timer.o(.text)
    enable_timer                             0x000009e7   Thumb Code    48  lib_timer.o(.text)
    disable_timer                            0x00000a17   Thumb Code    48  lib_timer.o(.text)
    reset_timer                              0x00000a47   Thumb Code    66  lib_timer.o(.text)
    init_timer                               0x00000a89   Thumb Code   140  lib_timer.o(.text)
    GetASCIICode                             0x00000b29   Thumb Code    26  asciilib_1.o(.text)
    wait                                     0x000010d3   Thumb Code     4  glcd_1.o(.text)
    LCD_WritePixel                           0x000010d7   Thumb Code    64  glcd_1.o(.text)
    LCD_WriteCommand                         0x00001117   Thumb Code    74  glcd_1.o(.text)
    LCD_ClearWindow                          0x00001161   Thumb Code   682  glcd_1.o(.text)
    LCD_Clear                                0x0000140b   Thumb Code  1384  glcd_1.o(.text)
    LCD_SetBackground                        0x00001973   Thumb Code    16  glcd_1.o(.text)
    LCD_Initialization                       0x00001983   Thumb Code 20218  glcd_1.o(.text)
    LCD_GetPoint                             0x00006897   Thumb Code   984  glcd_1.o(.text)
    LCD_SetPoint                             0x00006c6f   Thumb Code   216  glcd_1.o(.text)
    LCD_DrawLine                             0x00006d47   Thumb Code   250  glcd_1.o(.text)
    PutChar                                  0x00006e41   Thumb Code   100  glcd_1.o(.text)
    PutCharHorizontal                        0x00006ea5   Thumb Code   100  glcd_1.o(.text)
    GUI_Text                                 0x00006f09   Thumb Code    80  glcd_1.o(.text)
    LCD_SetWindow                            0x00006f59   Thumb Code  1080  glcd_1.o(.text)
    LCD_SetOrientation                       0x00007391   Thumb Code   378  glcd_1.o(.text)
    pixel                                    0x0000750b   Thumb Code   132  glcd_1.o(.text)
    LCD_DrawCircle                           0x0000758f   Thumb Code    94  glcd_1.o(.text)
    LCD_DrawRectangle                        0x000075ed   Thumb Code    58  glcd_1.o(.text)
    LCD_Darken                               0x00007627   Thumb Code   310  glcd_1.o(.text)
    LCD_GetPixel                             0x0000775d   Thumb Code   208  glcd_1.o(.text)
    LCD_GetBackground                        0x0000782d   Thumb Code     6  glcd_1.o(.text)
    RIT_IRQHandler                           0x0000783d   Thumb Code   878  irq_rit.o(.text)
    enable_RIT                               0x00007bed   Thumb Code    14  lib_rit.o(.text)
    disable_RIT                              0x00007bfb   Thumb Code    14  lib_rit.o(.text)
    reset_RIT                                0x00007c09   Thumb Code     8  lib_rit.o(.text)
    init_RIT                                 0x00007c11   Thumb Code   134  lib_rit.o(.text)
    disegnaMealSnack                         0x00007cad   Thumb Code   190  functions.o(.text)
    disegnaBatterie                          0x00007d6b   Thumb Code   328  functions.o(.text)
    disegnaAge                               0x00007eb3   Thumb Code    46  functions.o(.text)
    disegnaAmbiente                          0x00007ee1   Thumb Code   156  functions.o(.text)
    disegnaTamagotchi                        0x00007f7d   Thumb Code   240  functions.o(.text)
    disegnaTamagotchi2                       0x0000806d   Thumb Code   326  functions.o(.text)
    cancellaTama                             0x000081b3   Thumb Code    34  functions.o(.text)
    disegnaMeal                              0x000081d5   Thumb Code   148  functions.o(.text)
    disegnaSnack                             0x00008269   Thumb Code   144  functions.o(.text)
    aggiornaBatteria                         0x000082f9   Thumb Code   168  functions.o(.text)
    disegnaReset                             0x000083a1   Thumb Code   128  functions.o(.text)
    disegnaTamagotchiMorto                   0x00008421   Thumb Code   146  functions.o(.text)
    gameOver                                 0x000084b3   Thumb Code    56  functions.o(.text)
    resetTama                                0x000084eb   Thumb Code   122  functions.o(.text)
    cancellaSnack                            0x00008565   Thumb Code    26  functions.o(.text)
    cancellaMeal                             0x0000857f   Thumb Code   102  functions.o(.text)
    LPC17xx_SPI_SetSpeed                     0x000085e5   Thumb Code    16  touchpanel.o(.text)
    TP_Init                                  0x00008675   Thumb Code    30  touchpanel.o(.text)
    DelayUS                                  0x00008693   Thumb Code    28  touchpanel.o(.text)
    Read_X                                   0x00008711   Thumb Code    42  touchpanel.o(.text)
    Read_Y                                   0x0000873b   Thumb Code    42  touchpanel.o(.text)
    TP_GetAdXY                               0x00008765   Thumb Code    34  touchpanel.o(.text)
    TP_DrawPoint                             0x00008787   Thumb Code    20  touchpanel.o(.text)
    DrawCross                                0x0000879b   Thumb Code   356  touchpanel.o(.text)
    DeleteCross                              0x000088ff   Thumb Code   350  touchpanel.o(.text)
    Read_Ads7846                             0x00008a5d   Thumb Code   502  touchpanel.o(.text)
    setCalibrationMatrix                     0x00008c53   Thumb Code   356  touchpanel.o(.text)
    getDisplayPoint                          0x00008db7   Thumb Code   262  touchpanel.o(.text)
    TouchPanel_Calibrate                     0x00008ebd   Thumb Code   120  touchpanel.o(.text)
    playNote                                 0x00008f65   Thumb Code    52  music.o(.text)
    isNotePlaying                            0x00008f99   Thumb Code    22  music.o(.text)
    ADC_IRQHandler                           0x00008fb5   Thumb Code   778  irq_adc.o(.text)
    ADC_init                                 0x000092d1   Thumb Code   112  lib_adc.o(.text)
    ADC_start_conversion                     0x00009341   Thumb Code    14  lib_adc.o(.text)
    __2sprintf                               0x00009369   Thumb Code    34  noretval__2sprintf.o(.text)
    _printf_pre_padding                      0x00009391   Thumb Code    44  _printf_pad.o(.text)
    _printf_post_padding                     0x000093bd   Thumb Code    34  _printf_pad.o(.text)
    _printf_int_dec                          0x000093e1   Thumb Code   104  _printf_dec.o(.text)
    __printf                                 0x00009459   Thumb Code   308  __printf_flags_wp.o(.text)
    __aeabi_memcpy                           0x00009591   Thumb Code     0  rt_memcpy_v6.o(.text)
    __rt_memcpy                              0x00009591   Thumb Code   138  rt_memcpy_v6.o(.text)
    _memcpy_lastbytes                        0x000095f7   Thumb Code     0  rt_memcpy_v6.o(.text)
    __aeabi_memcpy4                          0x0000961b   Thumb Code     0  rt_memcpy_w.o(.text)
    __aeabi_memcpy8                          0x0000961b   Thumb Code     0  rt_memcpy_w.o(.text)
    __rt_memcpy_w                            0x0000961b   Thumb Code   100  rt_memcpy_w.o(.text)
    _memcpy_lastbytes_aligned                0x00009663   Thumb Code     0  rt_memcpy_w.o(.text)
    __aeabi_memclr4                          0x0000967f   Thumb Code     0  rt_memclr_w.o(.text)
    __aeabi_memclr8                          0x0000967f   Thumb Code     0  rt_memclr_w.o(.text)
    __rt_memclr_w                            0x0000967f   Thumb Code    78  rt_memclr_w.o(.text)
    _memset_w                                0x00009683   Thumb Code     0  rt_memclr_w.o(.text)
    _printf_int_common                       0x000096cd   Thumb Code   178  _printf_intcommon.o(.text)
    _printf_char_common                      0x0000978b   Thumb Code    32  _printf_char_common.o(.text)
    __user_setup_stackheap                   0x000097b1   Thumb Code    74  sys_stackheap_outer.o(.text)
    exit                                     0x000097fb   Thumb Code    18  exit.o(.text)
    _sys_exit                                0x0000980d   Thumb Code     8  sys_exit.o(.text)
    __I$use$semihosting                      0x00009819   Thumb Code     0  use_no_semi.o(.text)
    __use_no_semihosting_swi                 0x00009819   Thumb Code     2  use_no_semi.o(.text)
    __semihosting_library_function           0x0000981b   Thumb Code     0  indicate_semi.o(.text)
    _is_digit                                0x0000981b   Thumb Code    14  __printf_wp.o(i._is_digit)
    __aeabi_dadd                             0x00009829   Thumb Code     0  daddsub_clz.o(x$fpl$dadd)
    _dadd                                    0x00009829   Thumb Code   332  daddsub_clz.o(x$fpl$dadd)
    __fpl_dcmp_Inf                           0x00009979   Thumb Code    24  dcmpi.o(x$fpl$dcmpinf)
    __aeabi_ddiv                             0x00009991   Thumb Code     0  ddiv.o(x$fpl$ddiv)
    _ddiv                                    0x00009991   Thumb Code   552  ddiv.o(x$fpl$ddiv)
    __aeabi_cdcmpeq                          0x00009c41   Thumb Code     0  deqf.o(x$fpl$deqf)
    _dcmpeq                                  0x00009c41   Thumb Code   120  deqf.o(x$fpl$deqf)
    __aeabi_d2uiz                            0x00009cb9   Thumb Code     0  dfixu.o(x$fpl$dfixu)
    _dfixu                                   0x00009cb9   Thumb Code    90  dfixu.o(x$fpl$dfixu)
    __aeabi_i2d                              0x00009d13   Thumb Code     0  dflt_clz.o(x$fpl$dflt)
    _dflt                                    0x00009d13   Thumb Code    46  dflt_clz.o(x$fpl$dflt)
    __aeabi_ui2d                             0x00009d41   Thumb Code     0  dflt_clz.o(x$fpl$dfltu)
    _dfltu                                   0x00009d41   Thumb Code    38  dflt_clz.o(x$fpl$dfltu)
    __aeabi_dmul                             0x00009d69   Thumb Code     0  dmul.o(x$fpl$dmul)
    _dmul                                    0x00009d69   Thumb Code   332  dmul.o(x$fpl$dmul)
    __fpl_dnaninf                            0x00009ebd   Thumb Code   156  dnaninf.o(x$fpl$dnaninf)
    __fpl_dretinf                            0x00009f59   Thumb Code    12  dretinf.o(x$fpl$dretinf)
    __aeabi_dsub                             0x00009f65   Thumb Code     0  daddsub_clz.o(x$fpl$dsub)
    _dsub                                    0x00009f65   Thumb Code   464  daddsub_clz.o(x$fpl$dsub)
    __I$use$fp                               0x0000a138   Number         0  usenofp.o(x$fpl$usenofp)
    Region$$Table$$Base                      0x0000ad88   Number         0  anon$$obj.o(Region$$Table)
    Region$$Table$$Limit                     0x0000adb8   Number         0  anon$$obj.o(Region$$Table)
    SystemFrequency                          0x2007c000   Data           4  system_lpc17xx.o(.data)
    ScaleFlag                                0x2007c004   Data           1  system_lpc17xx.o(.data)
    SinTable                                 0x2007c008   Data          90  irq_timer.o(.data)
    click                                    0x2007c064   Data           8  irq_timer.o(.data)
    cibo                                     0x2007c06c   Data          24  irq_timer.o(.data)
    cuddle                                   0x2007c084   Data          48  irq_timer.o(.data)
    morte                                    0x2007c0b4   Data          72  irq_timer.o(.data)
    staMangiando                             0x2007c104   Data           4  irq_rit.o(.data)
    flagReset                                0x2007c108   Data           4  irq_rit.o(.data)
    flagclick                                0x2007c10c   Data           4  irq_rit.o(.data)
    flagcibo                                 0x2007c110   Data           4  irq_rit.o(.data)
    flagcuddle                               0x2007c114   Data           4  irq_rit.o(.data)
    flagmorte                                0x2007c118   Data           4  irq_rit.o(.data)
    next                                     0x2007c11c   Data           4  irq_rit.o(.data)
    secondi                                  0x2007c128   Data           4  functions.o(.data)
    minuti                                   0x2007c12c   Data           4  functions.o(.data)
    ore                                      0x2007c130   Data           4  functions.o(.data)
    frame                                    0x2007c134   Data           4  functions.o(.data)
    mealBattery                              0x2007c138   Data           4  functions.o(.data)
    snackBattery                             0x2007c13c   Data           4  functions.o(.data)
    display                                  0x2007c140   Data           4  touchpanel.o(.data)
    DisplaySample                            0x2007c144   Data          12  touchpanel.o(.data)
    AD_current                               0x2007c154   Data           2  irq_adc.o(.data)
    AD_last                                  0x2007c156   Data           2  irq_adc.o(.data)
    volume                                   0x2007c158   Data           4  irq_adc.o(.data)
    matrix                                   0x2007c160   Data          56  touchpanel.o(.bss)
    ScreenSample                             0x2007c198   Data          12  touchpanel.o(.bss)
    __libspace_start                         0x2007c1a4   Data          96  libspace.o(.bss)
    __temporary_stack_top$libspace           0x2007c204   Data           0  libspace.o(.bss)



==============================================================================

Memory Map of the image

  Image Entry point : 0x000000cd

  Load Region LR_IROM1 (Base: 0x00000000, Size: 0x0000af14, Max: 0x00080000, ABSOLUTE, COMPRESSED[0x0000ae68])

    Execution Region ER_IROM1 (Exec base: 0x00000000, Load base: 0x00000000, Size: 0x0000adb8, Max: 0x00080000, ABSOLUTE)

    Exec Addr    Load Addr    Size         Type   Attr      Idx    E Section Name        Object

    0x00000000   0x00000000   0x000000cc   Data   RO            3    RESET               startup_lpc17xx.o
    0x000000cc   0x000000cc   0x00000008   Code   RO          585  * !!!main             c_w.l(__main.o)
    0x000000d4   0x000000d4   0x00000034   Code   RO          786    !!!scatter          c_w.l(__scatter.o)
    0x00000108   0x00000108   0x0000005a   Code   RO          784    !!dczerorl2         c_w.l(__dczerorl2.o)
    0x00000162   0x00000162   0x00000002   PAD
    0x00000164   0x00000164   0x0000001c   Code   RO          788    !!handler_zi        c_w.l(__scatter_zi.o)
    0x00000180   0x00000180   0x00000000   Code   RO          576    .ARM.Collect$$_printf_percent$$00000000  c_w.l(_printf_percent.o)
    0x00000180   0x00000180   0x00000006   Code   RO          575    .ARM.Collect$$_printf_percent$$0000000A  c_w.l(_printf_u.o)
    0x00000186   0x00000186   0x00000004   Code   RO          618    .ARM.Collect$$_printf_percent$$00000017  c_w.l(_printf_percent_end.o)
    0x0000018a   0x0000018a   0x00000002   Code   RO          652    .ARM.Collect$$libinit$$00000000  c_w.l(libinit.o)
    0x0000018c   0x0000018c   0x00000000   Code   RO          659    .ARM.Collect$$libinit$$00000002  c_w.l(libinit2.o)
    0x0000018c   0x0000018c   0x00000000   Code   RO          661    .ARM.Collect$$libinit$$00000004  c_w.l(libinit2.o)
    0x0000018c   0x0000018c   0x00000000   Code   RO          664    .ARM.Collect$$libinit$$0000000A  c_w.l(libinit2.o)
    0x0000018c   0x0000018c   0x00000000   Code   RO          666    .ARM.Collect$$libinit$$0000000C  c_w.l(libinit2.o)
    0x0000018c   0x0000018c   0x00000000   Code   RO          668    .ARM.Collect$$libinit$$0000000E  c_w.l(libinit2.o)
    0x0000018c   0x0000018c   0x00000000   Code   RO          671    .ARM.Collect$$libinit$$00000011  c_w.l(libinit2.o)
    0x0000018c   0x0000018c   0x00000000   Code   RO          673    .ARM.Collect$$libinit$$00000013  c_w.l(libinit2.o)
    0x0000018c   0x0000018c   0x00000000   Code   RO          675    .ARM.Collect$$libinit$$00000015  c_w.l(libinit2.o)
    0x0000018c   0x0000018c   0x00000000   Code   RO          677    .ARM.Collect$$libinit$$00000017  c_w.l(libinit2.o)
    0x0000018c   0x0000018c   0x00000000   Code   RO          679    .ARM.Collect$$libinit$$00000019  c_w.l(libinit2.o)
    0x0000018c   0x0000018c   0x00000000   Code   RO          681    .ARM.Collect$$libinit$$0000001B  c_w.l(libinit2.o)
    0x0000018c   0x0000018c   0x00000000   Code   RO          683    .ARM.Collect$$libinit$$0000001D  c_w.l(libinit2.o)
    0x0000018c   0x0000018c   0x00000000   Code   RO          685    .ARM.Collect$$libinit$$0000001F  c_w.l(libinit2.o)
    0x0000018c   0x0000018c   0x00000000   Code   RO          687    .ARM.Collect$$libinit$$00000021  c_w.l(libinit2.o)
    0x0000018c   0x0000018c   0x00000000   Code   RO          689    .ARM.Collect$$libinit$$00000023  c_w.l(libinit2.o)
    0x0000018c   0x0000018c   0x00000000   Code   RO          691    .ARM.Collect$$libinit$$00000025  c_w.l(libinit2.o)
    0x0000018c   0x0000018c   0x00000000   Code   RO          695    .ARM.Collect$$libinit$$0000002C  c_w.l(libinit2.o)
    0x0000018c   0x0000018c   0x00000000   Code   RO          697    .ARM.Collect$$libinit$$0000002E  c_w.l(libinit2.o)
    0x0000018c   0x0000018c   0x00000000   Code   RO          699    .ARM.Collect$$libinit$$00000030  c_w.l(libinit2.o)
    0x0000018c   0x0000018c   0x00000000   Code   RO          701    .ARM.Collect$$libinit$$00000032  c_w.l(libinit2.o)
    0x0000018c   0x0000018c   0x00000002   Code   RO          702    .ARM.Collect$$libinit$$00000033  c_w.l(libinit2.o)
    0x0000018e   0x0000018e   0x00000002   Code   RO          722    .ARM.Collect$$libshutdown$$00000000  c_w.l(libshutdown.o)
    0x00000190   0x00000190   0x00000000   Code   RO          735    .ARM.Collect$$libshutdown$$00000002  c_w.l(libshutdown2.o)
    0x00000190   0x00000190   0x00000000   Code   RO          737    .ARM.Collect$$libshutdown$$00000004  c_w.l(libshutdown2.o)
    0x00000190   0x00000190   0x00000000   Code   RO          739    .ARM.Collect$$libshutdown$$00000006  c_w.l(libshutdown2.o)
    0x00000190   0x00000190   0x00000000   Code   RO          742    .ARM.Collect$$libshutdown$$00000009  c_w.l(libshutdown2.o)
    0x00000190   0x00000190   0x00000000   Code   RO          745    .ARM.Collect$$libshutdown$$0000000C  c_w.l(libshutdown2.o)
    0x00000190   0x00000190   0x00000000   Code   RO          747    .ARM.Collect$$libshutdown$$0000000E  c_w.l(libshutdown2.o)
    0x00000190   0x00000190   0x00000000   Code   RO          750    .ARM.Collect$$libshutdown$$00000011  c_w.l(libshutdown2.o)
    0x00000190   0x00000190   0x00000002   Code   RO          751    .ARM.Collect$$libshutdown$$00000012  c_w.l(libshutdown2.o)
    0x00000192   0x00000192   0x00000000   Code   RO          611    .ARM.Collect$$rtentry$$00000000  c_w.l(__rtentry.o)
    0x00000192   0x00000192   0x00000000   Code   RO          627    .ARM.Collect$$rtentry$$00000002  c_w.l(__rtentry2.o)
    0x00000192   0x00000192   0x00000006   Code   RO          639    .ARM.Collect$$rtentry$$00000004  c_w.l(__rtentry4.o)
    0x00000198   0x00000198   0x00000000   Code   RO          629    .ARM.Collect$$rtentry$$00000009  c_w.l(__rtentry2.o)
    0x00000198   0x00000198   0x00000004   Code   RO          630    .ARM.Collect$$rtentry$$0000000A  c_w.l(__rtentry2.o)
    0x0000019c   0x0000019c   0x00000000   Code   RO          632    .ARM.Collect$$rtentry$$0000000C  c_w.l(__rtentry2.o)
    0x0000019c   0x0000019c   0x00000008   Code   RO          633    .ARM.Collect$$rtentry$$0000000D  c_w.l(__rtentry2.o)
    0x000001a4   0x000001a4   0x00000002   Code   RO          656    .ARM.Collect$$rtexit$$00000000  c_w.l(rtexit.o)
    0x000001a6   0x000001a6   0x00000000   Code   RO          704    .ARM.Collect$$rtexit$$00000002  c_w.l(rtexit2.o)
    0x000001a6   0x000001a6   0x00000004   Code   RO          705    .ARM.Collect$$rtexit$$00000003  c_w.l(rtexit2.o)
    0x000001aa   0x000001aa   0x00000006   Code   RO          706    .ARM.Collect$$rtexit$$00000004  c_w.l(rtexit2.o)
    0x000001b0   0x000001b0   0x00000034   Code   RO            5    .text               startup_lpc17xx.o
    0x000001e4   0x000001e4   0x000000ac   Code   RO           16    .text               sample.o
    0x00000290   0x00000290   0x00000054   Code   RO          212    .text               lib_joystick.o
    0x000002e4   0x000002e4   0x00000006   Code   RO          583    .text               c_w.l(heapauxi.o)
    0x000002ea   0x000002ea   0x0000000a   Code   RO          616    .text               c_w.l(_sputc.o)
    0x000002f4   0x000002f4   0x00000008   Code   RO          653    .text               c_w.l(libspace.o)
    0x000002fc   0x000002fc   0x00000004   Code   RO            4    .ARM.__at_0x02FC    startup_lpc17xx.o
    0x00000300   0x00000300   0x0000024c   Code   RO          103    .text               system_lpc17xx.o
    0x0000054c   0x0000054c   0x00000458   Code   RO          130    .text               irq_timer.o
    0x000009a4   0x000009a4   0x00000184   Code   RO          184    .text               lib_timer.o
    0x00000b28   0x00000b28   0x00000020   Code   RO          233    .text               asciilib_1.o
    0x00000b48   0x00000b48   0x00006cf4   Code   RO          253    .text               glcd_1.o
    0x0000783c   0x0000783c   0x000003b0   Code   RO          299    .text               irq_rit.o
    0x00007bec   0x00007bec   0x000000c0   Code   RO          345    .text               lib_rit.o
    0x00007cac   0x00007cac   0x00000938   Code   RO          373    .text               functions.o
    0x000085e4   0x000085e4   0x00000980   Code   RO          418    .text               touchpanel.o
    0x00008f64   0x00008f64   0x00000050   Code   RO          452    .text               music.o
    0x00008fb4   0x00008fb4   0x0000031c   Code   RO          482    .text               irq_adc.o
    0x000092d0   0x000092d0   0x00000098   Code   RO          522    .text               lib_adc.o
    0x00009368   0x00009368   0x00000028   Code   RO          547    .text               c_w.l(noretval__2sprintf.o)
    0x00009390   0x00009390   0x0000004e   Code   RO          551    .text               c_w.l(_printf_pad.o)
    0x000093de   0x000093de   0x00000002   PAD
    0x000093e0   0x000093e0   0x00000078   Code   RO          553    .text               c_w.l(_printf_dec.o)
    0x00009458   0x00009458   0x00000138   Code   RO          567    .text               c_w.l(__printf_flags_wp.o)
    0x00009590   0x00009590   0x0000008a   Code   RO          577    .text               c_w.l(rt_memcpy_v6.o)
    0x0000961a   0x0000961a   0x00000064   Code   RO          579    .text               c_w.l(rt_memcpy_w.o)
    0x0000967e   0x0000967e   0x0000004e   Code   RO          581    .text               c_w.l(rt_memclr_w.o)
    0x000096cc   0x000096cc   0x000000b2   Code   RO          612    .text               c_w.l(_printf_intcommon.o)
    0x0000977e   0x0000977e   0x00000002   PAD
    0x00009780   0x00009780   0x00000030   Code   RO          614    .text               c_w.l(_printf_char_common.o)
    0x000097b0   0x000097b0   0x0000004a   Code   RO          643    .text               c_w.l(sys_stackheap_outer.o)
    0x000097fa   0x000097fa   0x00000012   Code   RO          645    .text               c_w.l(exit.o)
    0x0000980c   0x0000980c   0x0000000c   Code   RO          714    .text               c_w.l(sys_exit.o)
    0x00009818   0x00009818   0x00000002   Code   RO          725    .text               c_w.l(use_no_semi.o)
    0x0000981a   0x0000981a   0x00000000   Code   RO          727    .text               c_w.l(indicate_semi.o)
    0x0000981a   0x0000981a   0x0000000e   Code   RO          565    i._is_digit         c_w.l(__printf_wp.o)
    0x00009828   0x00009828   0x00000150   Code   RO          587    x$fpl$dadd          fz_ws.l(daddsub_clz.o)
    0x00009978   0x00009978   0x00000018   Code   RO          619    x$fpl$dcmpinf       fz_ws.l(dcmpi.o)
    0x00009990   0x00009990   0x000002b0   Code   RO          594    x$fpl$ddiv          fz_ws.l(ddiv.o)
    0x00009c40   0x00009c40   0x00000078   Code   RO          597    x$fpl$deqf          fz_ws.l(deqf.o)
    0x00009cb8   0x00009cb8   0x0000005a   Code   RO          599    x$fpl$dfixu         fz_ws.l(dfixu.o)
    0x00009d12   0x00009d12   0x0000002e   Code   RO          604    x$fpl$dflt          fz_ws.l(dflt_clz.o)
    0x00009d40   0x00009d40   0x00000026   Code   RO          603    x$fpl$dfltu         fz_ws.l(dflt_clz.o)
    0x00009d66   0x00009d66   0x00000002   PAD
    0x00009d68   0x00009d68   0x00000154   Code   RO          609    x$fpl$dmul          fz_ws.l(dmul.o)
    0x00009ebc   0x00009ebc   0x0000009c   Code   RO          621    x$fpl$dnaninf       fz_ws.l(dnaninf.o)
    0x00009f58   0x00009f58   0x0000000c   Code   RO          623    x$fpl$dretinf       fz_ws.l(dretinf.o)
    0x00009f64   0x00009f64   0x000001d4   Code   RO          589    x$fpl$dsub          fz_ws.l(daddsub_clz.o)
    0x0000a138   0x0000a138   0x00000000   Code   RO          625    x$fpl$usenofp       fz_ws.l(usenofp.o)
    0x0000a138   0x0000a138   0x000005f0   Data   RO          234    .constdata          asciilib_1.o
    0x0000a728   0x0000a728   0x0000064c   Data   RO          374    .constdata          functions.o
    0x0000ad74   0x0000ad74   0x00000011   Data   RO          568    .constdata          c_w.l(__printf_flags_wp.o)
    0x0000ad85   0x0000ad85   0x00000003   PAD
    0x0000ad88   0x0000ad88   0x00000030   Data   RO          782    Region$$Table       anon$$obj.o


    Execution Region RW_IRAM1 (Exec base: 0x10000000, Load base: 0x0000adb8, Size: 0x00000400, Max: 0x00008000, ABSOLUTE)

    Exec Addr    Load Addr    Size         Type   Attr      Idx    E Section Name        Object

    0x10000000        -       0x00000400   Zero   RW            1    STACK               startup_lpc17xx.o


    Execution Region RW_IRAM2 (Exec base: 0x2007c000, Load base: 0x0000adb8, Size: 0x00000208, Max: 0x00008000, ABSOLUTE, COMPRESSED[0x000000b0])

    Exec Addr    Load Addr    Size         Type   Attr      Idx    E Section Name        Object

    0x2007c000   COMPRESSED   0x00000005   Data   RW          104    .data               system_lpc17xx.o
    0x2007c005   COMPRESSED   0x00000003   PAD
    0x2007c008   COMPRESSED   0x000000f8   Data   RW          131    .data               irq_timer.o
    0x2007c100   COMPRESSED   0x00000004   Data   RW          254    .data               glcd_1.o
    0x2007c104   COMPRESSED   0x00000024   Data   RW          300    .data               irq_rit.o
    0x2007c128   COMPRESSED   0x00000018   Data   RW          375    .data               functions.o
    0x2007c140   COMPRESSED   0x00000014   Data   RW          420    .data               touchpanel.o
    0x2007c154   COMPRESSED   0x00000008   Data   RW          484    .data               irq_adc.o
    0x2007c15c   COMPRESSED   0x00000004   PAD
    0x2007c160        -       0x00000044   Zero   RW          419    .bss                touchpanel.o
    0x2007c1a4        -       0x00000060   Zero   RW          654    .bss                c_w.l(libspace.o)
    0x2007c204   COMPRESSED   0x00000004   PAD
    0x2007c208        -       0x00000000   Zero   RW            2    HEAP                startup_lpc17xx.o


==============================================================================

Image component sizes


      Code (inc. data)   RO Data    RW Data    ZI Data      Debug   Object Name

        32          6       1520          0          0       1359   asciilib_1.o
      2360        158       1612         24          0       4928   functions.o
     27892        166          0          4          0      68042   glcd_1.o
       796         18          0          8          0       1755   irq_adc.o
       944         66          0         36          0       1539   irq_rit.o
      1112        104          0        248          0      20804   irq_timer.o
       152         26          0          0          0        976   lib_adc.o
        84         10          0          0          0        524   lib_joystick.o
       192         22          0          0          0      27767   lib_rit.o
       388         20          0          0          0       1876   lib_timer.o
        80          6          0          0          0       1557   music.o
       172         20          0          0          0       5071   sample.o
        56         22        204          0       1024       1152   startup_lpc17xx.o
       588         36          0          5          0       1053   system_lpc17xx.o
      2432         72          0         20         68       6434   touchpanel.o

    ----------------------------------------------------------------------
     37280        752       3384        348       1096     144837   Object Totals
         0          0         48          0          0          0   (incl. Generated)
         0          0          0          3          4          0   (incl. Padding)

    ----------------------------------------------------------------------

      Code (inc. data)   RO Data    RW Data    ZI Data      Debug   Library Member Name

        90          0          0          0          0          0   __dczerorl2.o
         8          0          0          0          0         68   __main.o
       312          4         17          0          0         92   __printf_flags_wp.o
        14          0          0          0          0         68   __printf_wp.o
         0          0          0          0          0          0   __rtentry.o
        12          0          0          0          0          0   __rtentry2.o
         6          0          0          0          0          0   __rtentry4.o
        52          8          0          0          0          0   __scatter.o
        28          0          0          0          0          0   __scatter_zi.o
        48          6          0          0          0         96   _printf_char_common.o
       120         16          0          0          0         92   _printf_dec.o
       178          0          0          0          0         88   _printf_intcommon.o
        78          0          0          0          0        108   _printf_pad.o
         0          0          0          0          0          0   _printf_percent.o
         4          0          0          0          0          0   _printf_percent_end.o
         6          0          0          0          0          0   _printf_u.o
        10          0          0          0          0         68   _sputc.o
        18          0          0          0          0         80   exit.o
         6          0          0          0          0        152   heapauxi.o
         0          0          0          0          0          0   indicate_semi.o
         2          0          0          0          0          0   libinit.o
         2          0          0          0          0          0   libinit2.o
         2          0          0          0          0          0   libshutdown.o
         2          0          0          0          0          0   libshutdown2.o
         8          4          0          0         96         68   libspace.o
        40          6          0          0          0         84   noretval__2sprintf.o
        78          0          0          0          0         80   rt_memclr_w.o
       138          0          0          0          0         68   rt_memcpy_v6.o
       100          0          0          0          0         80   rt_memcpy_w.o
         2          0          0          0          0          0   rtexit.o
        10          0          0          0          0          0   rtexit2.o
        12          4          0          0          0         68   sys_exit.o
        74          0          0          0          0         80   sys_stackheap_outer.o
         2          0          0          0          0         68   use_no_semi.o
       804         16          0          0          0        272   daddsub_clz.o
        24          0          0          0          0         68   dcmpi.o
       688        140          0          0          0        208   ddiv.o
       120          4          0          0          0         92   deqf.o
        90          4          0          0          0         92   dfixu.o
        84          0          0          0          0        136   dflt_clz.o
       340         12          0          0          0        104   dmul.o
       156          4          0          0          0         92   dnaninf.o
        12          0          0          0          0         68   dretinf.o
         0          0          0          0          0          0   usenofp.o

    ----------------------------------------------------------------------
      3788        228         20          0        100       2640   Library Totals
         8          0          3          0          4          0   (incl. Padding)

    ----------------------------------------------------------------------

      Code (inc. data)   RO Data    RW Data    ZI Data      Debug   Library Name

      1462         48         17          0         96       1508   c_w.l
      2318        180          0          0          0       1132   fz_ws.l

    ----------------------------------------------------------------------
      3788        228         20          0        100       2640   Library Totals

    ----------------------------------------------------------------------

==============================================================================


      Code (inc. data)   RO Data    RW Data    ZI Data      Debug   

     41068        980       3404        348       1196     145237   Grand Totals
     41068        980       3404        176       1196     145237   ELF Image Totals (compressed)
     41068        980       3404        176          0          0   ROM Totals

==============================================================================

    Total RO  Size (Code + RO Data)                44472 (  43.43kB)
    Total RW  Size (RW Data + ZI Data)              1544 (   1.51kB)
    Total ROM Size (Code + RO Data + RW Data)      44648 (  43.60kB)

==============================================================================

